Archive member included to satisfy reference by file (symbol)

lib/libboard_qt_py_ch32v203g6u6.a(ch32v20x_gpio.c.obj)
                              CMakeFiles/hid_boot_interface.dir/426ce5d780536d4965aafa7588038a93/files/tinyusb/hw/bsp/ch32v20x/family.c.obj (GPIO_Init)
lib/libboard_qt_py_ch32v203g6u6.a(ch32v20x_rcc.c.obj)
                              CMakeFiles/hid_boot_interface.dir/426ce5d780536d4965aafa7588038a93/files/tinyusb/hw/bsp/ch32v20x/family.c.obj (RCC_USBCLKConfig)
lib/libboard_qt_py_ch32v203g6u6.a(ch32v20x_usart.c.obj)
                              CMakeFiles/hid_boot_interface.dir/426ce5d780536d4965aafa7588038a93/files/tinyusb/hw/bsp/ch32v20x/family.c.obj (USART_Init)
lib/libboard_qt_py_ch32v203g6u6.a(system_ch32v20x.c.obj)
                              CMakeFiles/hid_boot_interface.dir/18853f0d0dd114966c11209964a28e0f/tinyusb/hw/mcu/wch/ch32v20x/EVT/EXAM/SRC/Startup/startup_ch32v20x_D6.S.obj (SystemInit)
C:/Users/alanjo/.copilot/session-state/2abf14a3-cfdd-444d-921d-c37c47c45cd6/files/xpack-riscv/bin/../lib/gcc/riscv-none-elf/14.2.0\libgcc.a(_udivdi3.o)
                              lib/libboard_qt_py_ch32v203g6u6.a(ch32v20x_usart.c.obj) (__udivdi3)
C:/Users/alanjo/.copilot/session-state/2abf14a3-cfdd-444d-921d-c37c47c45cd6/files/xpack-riscv/bin/../lib/gcc/riscv-none-elf/14.2.0\libgcc.a(_clz.o)
                              C:/Users/alanjo/.copilot/session-state/2abf14a3-cfdd-444d-921d-c37c47c45cd6/files/xpack-riscv/bin/../lib/gcc/riscv-none-elf/14.2.0\libgcc.a(_udivdi3.o) (__clz_tab)
C:/Users/alanjo/.copilot/session-state/2abf14a3-cfdd-444d-921d-c37c47c45cd6/files/xpack-riscv/bin/../lib/gcc/riscv-none-elf/14.2.0/../../../../riscv-none-elf/lib\libg_nano.a(libc_a-memset.o)
                              CMakeFiles/hid_boot_interface.dir/d0f8aee16ceacc17965706d727f982c6/2abf14a3-cfdd-444d-921d-c37c47c45cd6/files/tinyusb/src/device/usbd.c.obj (memset)
C:/Users/alanjo/.copilot/session-state/2abf14a3-cfdd-444d-921d-c37c47c45cd6/files/xpack-riscv/bin/../lib/gcc/riscv-none-elf/14.2.0/../../../../riscv-none-elf/lib\libg_nano.a(libc_a-memcpy-asm.o)
                              CMakeFiles/hid_boot_interface.dir/src/usb_descriptors.c.obj (memcpy)
C:/Users/alanjo/.copilot/session-state/2abf14a3-cfdd-444d-921d-c37c47c45cd6/files/xpack-riscv/bin/../lib/gcc/riscv-none-elf/14.2.0/../../../../riscv-none-elf/lib\libg_nano.a(libc_a-strlen.o)
                              CMakeFiles/hid_boot_interface.dir/src/usb_descriptors.c.obj (strlen)

Discarded input sections

 .text          0x00000000        0x0 CMakeFiles/hid_boot_interface.dir/src/main.c.obj
 .data          0x00000000        0x0 CMakeFiles/hid_boot_interface.dir/src/main.c.obj
 .bss           0x00000000        0x0 CMakeFiles/hid_boot_interface.dir/src/main.c.obj
 .text          0x00000000        0x0 CMakeFiles/hid_boot_interface.dir/src/usb_descriptors.c.obj
 .data          0x00000000        0x0 CMakeFiles/hid_boot_interface.dir/src/usb_descriptors.c.obj
 .bss           0x00000000        0x0 CMakeFiles/hid_boot_interface.dir/src/usb_descriptors.c.obj
 .text          0x00000000        0x0 CMakeFiles/hid_boot_interface.dir/C_/Users/alanjo/.copilot/session-state/2abf14a3-cfdd-444d-921d-c37c47c45cd6/files/tinyusb/src/tusb.c.obj
 .data          0x00000000        0x0 CMakeFiles/hid_boot_interface.dir/C_/Users/alanjo/.copilot/session-state/2abf14a3-cfdd-444d-921d-c37c47c45cd6/files/tinyusb/src/tusb.c.obj
 .bss           0x00000000        0x0 CMakeFiles/hid_boot_interface.dir/C_/Users/alanjo/.copilot/session-state/2abf14a3-cfdd-444d-921d-c37c47c45cd6/files/tinyusb/src/tusb.c.obj
 .text.stream_claim
                0x00000000       0x1c CMakeFiles/hid_boot_interface.dir/C_/Users/alanjo/.copilot/session-state/2abf14a3-cfdd-444d-921d-c37c47c45cd6/files/tinyusb/src/tusb.c.obj
 .text.stream_xfer
                0x00000000       0x40 CMakeFiles/hid_boot_interface.dir/C_/Users/alanjo/.copilot/session-state/2abf14a3-cfdd-444d-921d-c37c47c45cd6/files/tinyusb/src/tusb.c.obj
 .text.stream_release.isra.0
                0x00000000       0x18 CMakeFiles/hid_boot_interface.dir/C_/Users/alanjo/.copilot/session-state/2abf14a3-cfdd-444d-921d-c37c47c45cd6/files/tinyusb/src/tusb.c.obj
 .text.tusb_time_delay_ms_api
                0x00000000       0x2e CMakeFiles/hid_boot_interface.dir/C_/Users/alanjo/.copilot/session-state/2abf14a3-cfdd-444d-921d-c37c47c45cd6/files/tinyusb/src/tusb.c.obj
 .text.tusb_app_virt_to_phys
                0x00000000        0x2 CMakeFiles/hid_boot_interface.dir/C_/Users/alanjo/.copilot/session-state/2abf14a3-cfdd-444d-921d-c37c47c45cd6/files/tinyusb/src/tusb.c.obj
 .text.tusb_app_phys_to_virt
                0x00000000        0x2 CMakeFiles/hid_boot_interface.dir/C_/Users/alanjo/.copilot/session-state/2abf14a3-cfdd-444d-921d-c37c47c45cd6/files/tinyusb/src/tusb.c.obj
 .text.tusb_inited
[...]
Memory Configuration

Name             Origin             Length             Attributes
FLASH            0x00000000         0x00008000         xr
RAM              0x20000000         0x00002800         xrw
*default*        0x00000000         0xffffffff

Linker script and memory map

                0x00008000                        __FLASH_SIZE = 0x8000
                0x00002800                        __RAM_SIZE = 0x2800
                0x00008000                        __flash_size = DEFINED (__FLASH_SIZE)?__FLASH_SIZE:0x10000
                0x00002800                        __ram_size = DEFINED (__RAM_SIZE)?__RAM_SIZE:0x5000
                0x00000800                        __stack_size = DEFINED (__STACK_SIZE)?__STACK_SIZE:0x800
                [!provide]                        PROVIDE (_stack_size = __stack_size)
                0x20002800                        _estack = (ORIGIN (RAM) + LENGTH (RAM))

.init           0x00000000        0x4
                0x00000000                        _sinit = .
                0x00000000                        . = ALIGN (0x4)
 *(SORT_NONE(.init))
 .init          0x00000000        0x4 CMakeFiles/hid_boot_interface.dir/18853f0d0dd114966c11209964a28e0f/tinyusb/hw/mcu/wch/ch32v20x/EVT/EXAM/SRC/Startup/startup_ch32v20x_D6.S.obj
                0x00000000                _start
                0x00000004                        . = ALIGN (0x4)
                0x00000004                        _einit = .

.vector         0x00000004       0xfc
 *(.vector)
 .vector        0x00000004       0xfc CMakeFiles/hid_boot_interface.dir/18853f0d0dd114966c11209964a28e0f/tinyusb/hw/mcu/wch/ch32v20x/EVT/EXAM/SRC/Startup/startup_ch32v20x_D6.S.obj
                0x00000100                        . = ALIGN (0x40)

.text           0x00000100     0x35c0
                0x00000100                        . = ALIGN (0x4)
 *(.text)
 .text          0x00000100       0x10 C:/Users/alanjo/.copilot/session-state/2abf14a3-cfdd-444d-921d-c37c47c45cd6/files/xpack-riscv/bin/../lib/gcc/riscv-none-elf/14.2.0/../../../../riscv-none-elf/lib\libg_nano.a(libc_a-memset.o)
                0x00000100                memset
 .text          0x00000110       0x16 C:/Users/alanjo/.copilot/session-state/2abf14a3-cfdd-444d-921d-c37c47c45cd6/files/xpack-riscv/bin/../lib/gcc/riscv-none-elf/14.2.0/../../../../riscv-none-elf/lib\libg_nano.a(libc_a-memcpy-asm.o)
                0x00000110                memcpy
 *(.text.*)
 .text.tud_mount_cb
                0x00000126        0xe CMakeFiles/hid_boot_interface.dir/src/main.c.obj
                0x00000126                tud_mount_cb
 .text.tud_umount_cb
                0x00000134        0xe CMakeFiles/hid_boot_interface.dir/src/main.c.obj
                0x00000134                tud_umount_cb
 .text.tud_suspend_cb
                0x00000142       0x10 CMakeFiles/hid_boot_interface.dir/src/main.c.obj
                0x00000142                tud_suspend_cb
 .text.tud_resume_cb
                0x00000152       0x26 CMakeFiles/hid_boot_interface.dir/src/main.c.obj
                0x00000152                tud_resume_cb
 .text.hid_task
                0x00000178       0xa0 CMakeFiles/hid_boot_interface.dir/src/main.c.obj
                0x00000178                hid_task
 .text.tud_hid_set_protocol_cb
                0x00000218        0x2 CMakeFiles/hid_boot_interface.dir/src/main.c.obj
                0x00000218                tud_hid_set_protocol_cb
 .text.tud_hid_report_complete_cb
                0x0000021a        0x2 CMakeFiles/hid_boot_interface.dir/src/main.c.obj
                0x0000021a                tud_hid_report_complete_cb
 .text.tud_hid_get_report_cb
                0x0000021c        0x4 CMakeFiles/hid_boot_interface.dir/src/main.c.obj
                0x0000021c                tud_hid_get_report_cb
 .text.tud_hid_set_report_cb
                0x00000220       0x3c CMakeFiles/hid_boot_interface.dir/src/main.c.obj
                0x00000220                tud_hid_set_report_cb
 .text.led_blinking_task
                0x0000025c       0x44 CMakeFiles/hid_boot_interface.dir/src/main.c.obj
                0x0000025c                led_blinking_task
 .text.startup.main
                0x000002a0       0x2a CMakeFiles/hid_boot_interface.dir/src/main.c.obj
                0x000002a0                main
 .text.tud_descriptor_device_cb
                0x000002ca        0xa CMakeFiles/hid_boot_interface.dir/src/usb_descriptors.c.obj
                0x000002ca                tud_descriptor_device_cb
 .text.tud_hid_descriptor_report_cb
                0x000002d4       0x16 CMakeFiles/hid_boot_interface.dir/src/usb_descriptors.c.obj
                0x000002d4                tud_hid_descriptor_report_cb
 .text.tud_descriptor_configuration_cb
                0x000002ea        0xa CMakeFiles/hid_boot_interface.dir/src/usb_descriptors.c.obj
                0x000002ea                tud_descriptor_configuration_cb
 .text.tud_descriptor_string_cb
                0x000002f4      0x110 CMakeFiles/hid_boot_interface.dir/src/usb_descriptors.c.obj
                0x000002f4                tud_descriptor_string_cb
 .text.tusb_rhport_init
                0x00000404       0x3a CMakeFiles/hid_boot_interface.dir/C_/Users/alanjo/.copilot/session-state/2abf14a3-cfdd-444d-921d-c37c47c45cd6/files/tinyusb/src/tusb.c.obj
                0x00000404                tusb_rhport_init
 .text.tu_edpt_claim
                0x0000043e       0x28 CMakeFiles/hid_boot_interface.dir/C_/Users/alanjo/.copilot/session-state/2abf14a3-cfdd-444d-921d-c37c47c45cd6/files/tinyusb/src/tusb.c.obj
                0x0000043e                tu_edpt_claim
 .text.tu_bind_driver_to_ep_itf
                0x00000466       0x5c CMakeFiles/hid_boot_interface.dir/C_/Users/alanjo/.copilot/session-state/2abf14a3-cfdd-444d-921d-c37c47c45cd6/files/tinyusb/src/tusb.c.obj
                0x00000466                tu_bind_driver_to_ep_itf
 .text.advance_index
                0x000004c2       0x1a CMakeFiles/hid_boot_interface.dir/426ce5d780536d4965aafa7588038a93/files/tinyusb/src/common/tusb_fifo.c.obj
 .text.tu_fifo_clear
                0x000004dc        0xa CMakeFiles/hid_boot_interface.dir/426ce5d780536d4965aafa7588038a93/files/tinyusb/src/common/tusb_fifo.c.obj
                0x000004dc                tu_fifo_clear
 .text.tu_hwfifo_write
                0x000004e6       0x48 CMakeFiles/hid_boot_interface.dir/426ce5d780536d4965aafa7588038a93/files/tinyusb/src/common/tusb_fifo.c.obj
                0x000004e6                tu_hwfifo_write
 .text.tu_hwfifo_read
                0x0000052e       0x44 CMakeFiles/hid_boot_interface.dir/426ce5d780536d4965aafa7588038a93/files/tinyusb/src/common/tusb_fifo.c.obj
                0x0000052e                tu_hwfifo_read
 .text.tu_fifo_peek_n_access_mode
                0x00000572      0x18e CMakeFiles/hid_boot_interface.dir/426ce5d780536d4965aafa7588038a93/files/tinyusb/src/common/tusb_fifo.c.obj
                0x00000572                tu_fifo_peek_n_access_mode
 .text.tu_fifo_read_n_access_mode
                0x00000700       0x34 CMakeFiles/hid_boot_interface.dir/426ce5d780536d4965aafa7588038a93/files/tinyusb/src/common/tusb_fifo.c.obj
                0x00000700                tu_fifo_read_n_access_mode
 .text.tu_fifo_write_n_access_mode
                0x00000734      0x1fa CMakeFiles/hid_boot_interface.dir/426ce5d780536d4965aafa7588038a93/files/tinyusb/src/common/tusb_fifo.c.obj
                0x00000734                tu_fifo_write_n_access_mode
 .text.tud_vendor_control_xfer_cb
                0x0000092e        0x4 CMakeFiles/hid_boot_interface.dir/d0f8aee16ceacc17965706d727f982c6/2abf14a3-cfdd-444d-921d-c37c47c45cd6/files/tinyusb/src/device/usbd.c.obj
                0x0000092e                tud_vendor_control_xfer_cb
 .text.configuration_reset
                0x00000932       0x98 CMakeFiles/hid_boot_interface.dir/d0f8aee16ceacc17965706d727f982c6/2abf14a3-cfdd-444d-921d-c37c47c45cd6/files/tinyusb/src/device/usbd.c.obj
 .text.usbd_int_set
                0x000009ca       0x14 CMakeFiles/hid_boot_interface.dir/d0f8aee16ceacc17965706d727f982c6/2abf14a3-cfdd-444d-921d-c37c47c45cd6/files/tinyusb/src/device/usbd.c.obj
                0x000009ca                usbd_int_set
 .text.invoke_class_control.constprop.0.isra.0
                0x000009de        0xc CMakeFiles/hid_boot_interface.dir/d0f8aee16ceacc17965706d727f982c6/2abf14a3-cfdd-444d-921d-c37c47c45cd6/files/tinyusb/src/device/usbd.c.obj
 .text.tud_event_hook_cb
                0x000009ea        0x2 CMakeFiles/hid_boot_interface.dir/d0f8aee16ceacc17965706d727f982c6/2abf14a3-cfdd-444d-921d-c37c47c45cd6/files/tinyusb/src/device/usbd.c.obj
                0x000009ea                tud_event_hook_cb
 .text.tud_sof_cb
                0x000009ec        0x2 CMakeFiles/hid_boot_interface.dir/d0f8aee16ceacc17965706d727f982c6/2abf14a3-cfdd-444d-921d-c37c47c45cd6/files/tinyusb/src/device/usbd.c.obj
                0x000009ec                tud_sof_cb
 .text.tud_descriptor_bos_cb
                0x000009ee        0x4 CMakeFiles/hid_boot_interface.dir/d0f8aee16ceacc17965706d727f982c6/2abf14a3-cfdd-444d-921d-c37c47c45cd6/files/tinyusb/src/device/usbd.c.obj
                0x000009ee                tud_descriptor_bos_cb
 .text.tud_descriptor_device_qualifier_cb
                0x000009f2        0x4 CMakeFiles/hid_boot_interface.dir/d0f8aee16ceacc17965706d727f982c6/2abf14a3-cfdd-444d-921d-c37c47c45cd6/files/tinyusb/src/device/usbd.c.obj
                0x000009f2                tud_descriptor_device_qualifier_cb
 .text.tud_descriptor_other_speed_configuration_cb
                0x000009f6        0x4 CMakeFiles/hid_boot_interface.dir/d0f8aee16ceacc17965706d727f982c6/2abf14a3-cfdd-444d-921d-c37c47c45cd6/files/tinyusb/src/device/usbd.c.obj
                0x000009f6                tud_descriptor_other_speed_configuration_cb
 .text.usbd_app_driver_get_cb
                0x000009fa        0x8 CMakeFiles/hid_boot_interface.dir/d0f8aee16ceacc17965706d727f982c6/2abf14a3-cfdd-444d-921d-c37c47c45cd6/files/tinyusb/src/device/usbd.c.obj
                0x000009fa                usbd_app_driver_get_cb
 .text.tud_mounted
                0x00000a02        0xa CMakeFiles/hid_boot_interface.dir/d0f8aee16ceacc17965706d727f982c6/2abf14a3-cfdd-444d-921d-c37c47c45cd6/files/tinyusb/src/device/usbd.c.obj
                0x00000a02                tud_mounted
 .text.tud_suspended
                0x00000a0c        0xa CMakeFiles/hid_boot_interface.dir/d0f8aee16ceacc17965706d727f982c6/2abf14a3-cfdd-444d-921d-c37c47c45cd6/files/tinyusb/src/device/usbd.c.obj
                0x00000a0c                tud_suspended
 .text.tud_remote_wakeup
                0x00000a16       0x2a CMakeFiles/hid_boot_interface.dir/d0f8aee16ceacc17965706d727f982c6/2abf14a3-cfdd-444d-921d-c37c47c45cd6/files/tinyusb/src/device/usbd.c.obj
                0x00000a16                tud_remote_wakeup
 .text.tud_rhport_init
                0x00000a40       0xd8 CMakeFiles/hid_boot_interface.dir/d0f8aee16ceacc17965706d727f982c6/2abf14a3-cfdd-444d-921d-c37c47c45cd6/files/tinyusb/src/device/usbd.c.obj
                0x00000a40                tud_rhport_init
 .text.dcd_event_handler
                0x00000b18      0x24c CMakeFiles/hid_boot_interface.dir/d0f8aee16ceacc17965706d727f982c6/2abf14a3-cfdd-444d-921d-c37c47c45cd6/files/tinyusb/src/device/usbd.c.obj
                0x00000b18                dcd_event_handler
 .text.usbd_edpt_open
                0x00000d64       0x2c CMakeFiles/hid_boot_interface.dir/d0f8aee16ceacc17965706d727f982c6/2abf14a3-cfdd-444d-921d-c37c47c45cd6/files/tinyusb/src/device/usbd.c.obj
                0x00000d64                usbd_edpt_open
 .text.usbd_open_edpt_pair
                0x00000d90       0x86 CMakeFiles/hid_boot_interface.dir/d0f8aee16ceacc17965706d727f982c6/2abf14a3-cfdd-444d-921d-c37c47c45cd6/files/tinyusb/src/device/usbd.c.obj
                0x00000d90                usbd_open_edpt_pair
 .text.usbd_edpt_claim
                0x00000e16       0x1a CMakeFiles/hid_boot_interface.dir/d0f8aee16ceacc17965706d727f982c6/2abf14a3-cfdd-444d-921d-c37c47c45cd6/files/tinyusb/src/device/usbd.c.obj
                0x00000e16                usbd_edpt_claim
 .text.usbd_edpt_xfer
                0x00000e30       0x54 CMakeFiles/hid_boot_interface.dir/d0f8aee16ceacc17965706d727f982c6/2abf14a3-cfdd-444d-921d-c37c47c45cd6/files/tinyusb/src/device/usbd.c.obj
                0x00000e30                usbd_edpt_xfer
 .text.tud_control_status
                0x00000e84       0x1e CMakeFiles/hid_boot_interface.dir/d0f8aee16ceacc17965706d727f982c6/2abf14a3-cfdd-444d-921d-c37c47c45cd6/files/tinyusb/src/device/usbd.c.obj
                0x00000e84                tud_control_status
 .text.data_stage_xact
                0x00000ea2       0x7a CMakeFiles/hid_boot_interface.dir/d0f8aee16ceacc17965706d727f982c6/2abf14a3-cfdd-444d-921d-c37c47c45cd6/files/tinyusb/src/device/usbd.c.obj
 .text.tud_control_xfer
                0x00000f1c       0x46 CMakeFiles/hid_boot_interface.dir/d0f8aee16ceacc17965706d727f982c6/2abf14a3-cfdd-444d-921d-c37c47c45cd6/files/tinyusb/src/device/usbd.c.obj
                0x00000f1c                tud_control_xfer
 .text.usbd_edpt_busy
                0x00000f62       0x18 CMakeFiles/hid_boot_interface.dir/d0f8aee16ceacc17965706d727f982c6/2abf14a3-cfdd-444d-921d-c37c47c45cd6/files/tinyusb/src/device/usbd.c.obj
                0x00000f62                usbd_edpt_busy
 .text.usbd_edpt_stall
                0x00000f7a       0x38 CMakeFiles/hid_boot_interface.dir/d0f8aee16ceacc17965706d727f982c6/2abf14a3-cfdd-444d-921d-c37c47c45cd6/files/tinyusb/src/device/usbd.c.obj
                0x00000f7a                usbd_edpt_stall
 .text.usbd_edpt_clear_stall
                0x00000fb2       0x38 CMakeFiles/hid_boot_interface.dir/d0f8aee16ceacc17965706d727f982c6/2abf14a3-cfdd-444d-921d-c37c47c45cd6/files/tinyusb/src/device/usbd.c.obj
                0x00000fb2                usbd_edpt_clear_stall
 .text.usbd_edpt_stalled
                0x00000fea       0x1a CMakeFiles/hid_boot_interface.dir/d0f8aee16ceacc17965706d727f982c6/2abf14a3-cfdd-444d-921d-c37c47c45cd6/files/tinyusb/src/device/usbd.c.obj
                0x00000fea                usbd_edpt_stalled
 .text.tud_task_ext
                0x00001004      0x66c CMakeFiles/hid_boot_interface.dir/d0f8aee16ceacc17965706d727f982c6/2abf14a3-cfdd-444d-921d-c37c47c45cd6/files/tinyusb/src/device/usbd.c.obj
                0x00001004                tud_task_ext
 .text.tud_hid_set_idle_cb
                0x00001670        0x4 CMakeFiles/hid_boot_interface.dir/426ce5d780536d4965aafa7588038a93/files/tinyusb/src/class/hid/hid_device.c.obj
                0x00001670                tud_hid_set_idle_cb
 .text.tud_hid_report_failed_cb
                0x00001674        0x2 CMakeFiles/hid_boot_interface.dir/426ce5d780536d4965aafa7588038a93/files/tinyusb/src/class/hid/hid_device.c.obj
                0x00001674                tud_hid_report_failed_cb
 .text.tud_hid_n_ready
                0x00001676       0x46 CMakeFiles/hid_boot_interface.dir/426ce5d780536d4965aafa7588038a93/files/tinyusb/src/class/hid/hid_device.c.obj
                0x00001676                tud_hid_n_ready
 .text.tud_hid_n_report
                0x000016bc       0xcc CMakeFiles/hid_boot_interface.dir/426ce5d780536d4965aafa7588038a93/files/tinyusb/src/class/hid/hid_device.c.obj
                0x000016bc                tud_hid_n_report
 .text.tud_hid_n_keyboard_report
                0x00001788       0x46 CMakeFiles/hid_boot_interface.dir/426ce5d780536d4965aafa7588038a93/files/tinyusb/src/class/hid/hid_device.c.obj
                0x00001788                tud_hid_n_keyboard_report
 .text.tud_hid_n_mouse_report
                0x000017ce       0x24 CMakeFiles/hid_boot_interface.dir/426ce5d780536d4965aafa7588038a93/files/tinyusb/src/class/hid/hid_device.c.obj
                0x000017ce                tud_hid_n_mouse_report
 .text.hidd_deinit
                0x000017f2        0x4 CMakeFiles/hid_boot_interface.dir/426ce5d780536d4965aafa7588038a93/files/tinyusb/src/class/hid/hid_device.c.obj
                0x000017f2                hidd_deinit
 .text.hidd_reset
                0x000017f6        0xc CMakeFiles/hid_boot_interface.dir/426ce5d780536d4965aafa7588038a93/files/tinyusb/src/class/hid/hid_device.c.obj
                0x000017f6                hidd_reset
 .text.hidd_init
                0x00001802        0x4 CMakeFiles/hid_boot_interface.dir/426ce5d780536d4965aafa7588038a93/files/tinyusb/src/class/hid/hid_device.c.obj
                0x00001802                hidd_init
 .text.hidd_open
                0x00001806       0xe6 CMakeFiles/hid_boot_interface.dir/426ce5d780536d4965aafa7588038a93/files/tinyusb/src/class/hid/hid_device.c.obj
                0x00001806                hidd_open
 .text.hidd_control_xfer_cb
                0x000018ec      0x23a CMakeFiles/hid_boot_interface.dir/426ce5d780536d4965aafa7588038a93/files/tinyusb/src/class/hid/hid_device.c.obj
                0x000018ec                hidd_control_xfer_cb
 .text.hidd_xfer_cb
                0x00001b26       0xac CMakeFiles/hid_boot_interface.dir/426ce5d780536d4965aafa7588038a93/files/tinyusb/src/class/hid/hid_device.c.obj
                0x00001b26                hidd_xfer_cb
 .text.USB_LP_CAN1_RX0_IRQHandler
                0x00001bd2       0x4c CMakeFiles/hid_boot_interface.dir/426ce5d780536d4965aafa7588038a93/files/tinyusb/hw/bsp/ch32v20x/family.c.obj
                0x00001bd2                USB_LP_CAN1_RX0_IRQHandler
 .text.USB_HP_CAN1_TX_IRQHandler
                0x00001c1e       0x4a CMakeFiles/hid_boot_interface.dir/426ce5d780536d4965aafa7588038a93/files/tinyusb/hw/bsp/ch32v20x/family.c.obj
                0x00001c1e                USB_HP_CAN1_TX_IRQHandler
 .text.USBWakeUp_IRQHandler
                0x00001c68       0x4a CMakeFiles/hid_boot_interface.dir/426ce5d780536d4965aafa7588038a93/files/tinyusb/hw/bsp/ch32v20x/family.c.obj
                0x00001c68                USBWakeUp_IRQHandler
 .text.USBFS_IRQHandler
                0x00001cb2        0x4 CMakeFiles/hid_boot_interface.dir/426ce5d780536d4965aafa7588038a93/files/tinyusb/hw/bsp/ch32v20x/family.c.obj
                0x00001cb2                USBFS_IRQHandler
 .text.USBFSWakeUp_IRQHandler
                0x00001cb6        0x4 CMakeFiles/hid_boot_interface.dir/426ce5d780536d4965aafa7588038a93/files/tinyusb/hw/bsp/ch32v20x/family.c.obj
                0x00001cb6                USBFSWakeUp_IRQHandler
 .text.SysTick_Handler
                0x00001cba       0x22 CMakeFiles/hid_boot_interface.dir/426ce5d780536d4965aafa7588038a93/files/tinyusb/hw/bsp/ch32v20x/family.c.obj
                0x00001cba                SysTick_Handler
 .text.tusb_time_millis_api
                0x00001cdc        0x6 CMakeFiles/hid_boot_interface.dir/426ce5d780536d4965aafa7588038a93/files/tinyusb/hw/bsp/ch32v20x/family.c.obj
                0x00001cdc                tusb_time_millis_api
 .text.board_init
                0x00001ce2      0x120 CMakeFiles/hid_boot_interface.dir/426ce5d780536d4965aafa7588038a93/files/tinyusb/hw/bsp/ch32v20x/family.c.obj
                0x00001ce2                board_init
 .text.board_led_write
                0x00001e02       0x12 CMakeFiles/hid_boot_interface.dir/426ce5d780536d4965aafa7588038a93/files/tinyusb/hw/bsp/ch32v20x/family.c.obj
                0x00001e02                board_led_write
 .text.board_button_read
                0x00001e14        0x4 CMakeFiles/hid_boot_interface.dir/426ce5d780536d4965aafa7588038a93/files/tinyusb/hw/bsp/ch32v20x/family.c.obj
                0x00001e14                board_button_read
 .text.board_get_unique_id
                0x00001e18       0x22 CMakeFiles/hid_boot_interface.dir/426ce5d780536d4965aafa7588038a93/files/tinyusb/hw/bsp/ch32v20x/family.c.obj
                0x00001e18                board_get_unique_id
 .text.board_init_after_tusb
                0x00001e3a        0x2 CMakeFiles/hid_boot_interface.dir/C_/Users/alanjo/.copilot/session-state/2abf14a3-cfdd-444d-921d-c37c47c45cd6/files/tinyusb/hw/bsp/board.c.obj
                0x00001e3a                board_init_after_tusb
 .text.dcd_ep_alloc
                0x00001e3c       0x8e CMakeFiles/hid_boot_interface.dir/426ce5d780536d4965aafa7588038a93/files/tinyusb/src/portable/st/stm32_fsdev/dcd_stm32_fsdev.c.obj
 .text.dcd_transmit_packet
                0x00001eca      0x132 CMakeFiles/hid_boot_interface.dir/426ce5d780536d4965aafa7588038a93/files/tinyusb/src/portable/st/stm32_fsdev/dcd_stm32_fsdev.c.obj
 .text.dcd_pma_alloc.constprop.0
                0x00001ffc       0x34 CMakeFiles/hid_boot_interface.dir/426ce5d780536d4965aafa7588038a93/files/tinyusb/src/portable/st/stm32_fsdev/dcd_stm32_fsdev.c.obj
 .text.edpt_xfer.isra.0
                0x00002030      0x154 CMakeFiles/hid_boot_interface.dir/426ce5d780536d4965aafa7588038a93/files/tinyusb/src/portable/st/stm32_fsdev/dcd_stm32_fsdev.c.obj
 .text.handle_bus_reset.isra.0
                0x00002184       0xbe CMakeFiles/hid_boot_interface.dir/426ce5d780536d4965aafa7588038a93/files/tinyusb/src/portable/st/stm32_fsdev/dcd_stm32_fsdev.c.obj
 .text.dcd_sof_enable
                0x00002242       0x22 CMakeFiles/hid_boot_interface.dir/426ce5d780536d4965aafa7588038a93/files/tinyusb/src/portable/st/stm32_fsdev/dcd_stm32_fsdev.c.obj
                0x00002242                dcd_sof_enable
 .text.dcd_remote_wakeup
                0x00002264       0x18 CMakeFiles/hid_boot_interface.dir/426ce5d780536d4965aafa7588038a93/files/tinyusb/src/portable/st/stm32_fsdev/dcd_stm32_fsdev.c.obj
                0x00002264                dcd_remote_wakeup
 .text.dcd_int_handler
                0x0000227c      0x498 CMakeFiles/hid_boot_interface.dir/426ce5d780536d4965aafa7588038a93/files/tinyusb/src/portable/st/stm32_fsdev/dcd_stm32_fsdev.c.obj
                0x0000227c                dcd_int_handler
 .text.dcd_edpt0_status_complete
                0x00002714       0x26 CMakeFiles/hid_boot_interface.dir/426ce5d780536d4965aafa7588038a93/files/tinyusb/src/portable/st/stm32_fsdev/dcd_stm32_fsdev.c.obj
                0x00002714                dcd_edpt0_status_complete
 .text.dcd_edpt_open
                0x0000273a      0x11e CMakeFiles/hid_boot_interface.dir/426ce5d780536d4965aafa7588038a93/files/tinyusb/src/portable/st/stm32_fsdev/dcd_stm32_fsdev.c.obj
                0x0000273a                dcd_edpt_open
 .text.dcd_edpt_xfer
                0x00002858       0x32 CMakeFiles/hid_boot_interface.dir/426ce5d780536d4965aafa7588038a93/files/tinyusb/src/portable/st/stm32_fsdev/dcd_stm32_fsdev.c.obj
                0x00002858                dcd_edpt_xfer
 .text.dcd_set_address
                0x0000288a        0xc CMakeFiles/hid_boot_interface.dir/426ce5d780536d4965aafa7588038a93/files/tinyusb/src/portable/st/stm32_fsdev/dcd_stm32_fsdev.c.obj
                0x0000288a                dcd_set_address
 .text.dcd_edpt_stall
                0x00002896       0xa2 CMakeFiles/hid_boot_interface.dir/426ce5d780536d4965aafa7588038a93/files/tinyusb/src/portable/st/stm32_fsdev/dcd_stm32_fsdev.c.obj
                0x00002896                dcd_edpt_stall
 .text.dcd_edpt_clear_stall
                0x00002938       0x9c CMakeFiles/hid_boot_interface.dir/426ce5d780536d4965aafa7588038a93/files/tinyusb/src/portable/st/stm32_fsdev/dcd_stm32_fsdev.c.obj
                0x00002938                dcd_edpt_clear_stall
 .text.dcd_int_enable
                0x000029d4       0x1a CMakeFiles/hid_boot_interface.dir/426ce5d780536d4965aafa7588038a93/files/tinyusb/src/portable/st/stm32_fsdev/dcd_stm32_fsdev.c.obj
                0x000029d4                dcd_int_enable
 .text.dcd_int_disable
                0x000029ee       0x26 CMakeFiles/hid_boot_interface.dir/426ce5d780536d4965aafa7588038a93/files/tinyusb/src/portable/st/stm32_fsdev/dcd_stm32_fsdev.c.obj
                0x000029ee                dcd_int_disable
 .text.dcd_edpt_close_all
                0x00002a14       0x52 CMakeFiles/hid_boot_interface.dir/426ce5d780536d4965aafa7588038a93/files/tinyusb/src/portable/st/stm32_fsdev/dcd_stm32_fsdev.c.obj
                0x00002a14                dcd_edpt_close_all
 .text.dcd_connect
                0x00002a66       0x12 CMakeFiles/hid_boot_interface.dir/426ce5d780536d4965aafa7588038a93/files/tinyusb/src/portable/st/stm32_fsdev/dcd_stm32_fsdev.c.obj
                0x00002a66                dcd_connect
 .text.dcd_init
                0x00002a78       0x34 CMakeFiles/hid_boot_interface.dir/426ce5d780536d4965aafa7588038a93/files/tinyusb/src/portable/st/stm32_fsdev/dcd_stm32_fsdev.c.obj
                0x00002a78                dcd_init
 .text.fsdev_core_reset
                0x00002aac       0x56 CMakeFiles/hid_boot_interface.dir/426ce5d780536d4965aafa7588038a93/files/tinyusb/src/portable/st/stm32_fsdev/fsdev_common.c.obj
                0x00002aac                fsdev_core_reset
 .text.pma_align_buffer_size
                0x00002b02       0x32 CMakeFiles/hid_boot_interface.dir/426ce5d780536d4965aafa7588038a93/files/tinyusb/src/portable/st/stm32_fsdev/fsdev_common.c.obj
                0x00002b02                pma_align_buffer_size
 .text.btable_set_rx_bufsize
                0x00002b34       0x54 CMakeFiles/hid_boot_interface.dir/426ce5d780536d4965aafa7588038a93/files/tinyusb/src/portable/st/stm32_fsdev/fsdev_common.c.obj
                0x00002b34                btable_set_rx_bufsize
 .text.vector_handler
                0x00002b88        0x2 CMakeFiles/hid_boot_interface.dir/18853f0d0dd114966c11209964a28e0f/tinyusb/hw/mcu/wch/ch32v20x/EVT/EXAM/SRC/Startup/startup_ch32v20x_D6.S.obj
                0x00002b88                EXTI2_IRQHandler
                0x00002b88                TIM1_CC_IRQHandler
                0x00002b88                HardFault_Handler
                0x00002b88                PVD_IRQHandler
                0x00002b88                NMI_Handler
                0x00002b88                EXTI3_IRQHandler
                0x00002b88                EXTI0_IRQHandler
                0x00002b88                I2C2_EV_IRQHandler
                0x00002b88                ADC1_2_IRQHandler
                0x00002b88                Break_Point_Handler
                0x00002b88                SPI1_IRQHandler
                0x00002b88                TAMPER_IRQHandler
                0x00002b88                Ecall_M_Mode_Handler
                0x00002b88                DMA1_Channel4_IRQHandler
                0x00002b88                USART3_IRQHandler
                0x00002b88                RTC_IRQHandler
                0x00002b88                DMA1_Channel7_IRQHandler
                0x00002b88                CAN1_RX1_IRQHandler
                0x00002b88                TIM4_IRQHandler
                0x00002b88                I2C1_EV_IRQHandler
                0x00002b88                DMA1_Channel6_IRQHandler
                0x00002b88                UART4_IRQHandler
                0x00002b88                TIM3_IRQHandler
                0x00002b88                RCC_IRQHandler
                0x00002b88                TIM1_TRG_COM_IRQHandler
                0x00002b88                DMA1_Channel1_IRQHandler
                0x00002b88                EXTI15_10_IRQHandler
                0x00002b88                DMA1_Channel8_IRQHandler
                0x00002b88                EXTI9_5_IRQHandler
                0x00002b88                SPI2_IRQHandler
                0x00002b88                DMA1_Channel5_IRQHandler
                0x00002b88                EXTI4_IRQHandler
                0x00002b88                DMA1_Channel3_IRQHandler
                0x00002b88                TIM1_UP_IRQHandler
                0x00002b88                WWDG_IRQHandler
                0x00002b88                Ecall_U_Mode_Handler
                0x00002b88                TIM2_IRQHandler
                0x00002b88                SW_Handler
                0x00002b88                TIM1_BRK_IRQHandler
                0x00002b88                EXTI1_IRQHandler
                0x00002b88                RTCAlarm_IRQHandler
                0x00002b88                USART2_IRQHandler
                0x00002b88                I2C2_ER_IRQHandler
                0x00002b88                DMA1_Channel2_IRQHandler
                0x00002b88                CAN1_SCE_IRQHandler
                0x00002b88                FLASH_IRQHandler
                0x00002b88                USART1_IRQHandler
                0x00002b88                I2C1_ER_IRQHandler
 .text.handle_reset
                0x00002b8a       0x86 CMakeFiles/hid_boot_interface.dir/18853f0d0dd114966c11209964a28e0f/tinyusb/hw/mcu/wch/ch32v20x/EVT/EXAM/SRC/Startup/startup_ch32v20x_D6.S.obj
                0x00002b8a                handle_reset
 .text.GPIO_Init
                0x00002c10       0xfe lib/libboard_qt_py_ch32v203g6u6.a(ch32v20x_gpio.c.obj)
                0x00002c10                GPIO_Init
 .text.GPIO_WriteBit
                0x00002d0e       0x1a lib/libboard_qt_py_ch32v203g6u6.a(ch32v20x_gpio.c.obj)
                0x00002d0e                GPIO_WriteBit
 .text.RCC_USBCLKConfig
                0x00002d28       0x1a lib/libboard_qt_py_ch32v203g6u6.a(ch32v20x_rcc.c.obj)
                0x00002d28                RCC_USBCLKConfig
 .text.RCC_GetClocksFreq
                0x00002d42       0xb8 lib/libboard_qt_py_ch32v203g6u6.a(ch32v20x_rcc.c.obj)
                0x00002d42                RCC_GetClocksFreq
 .text.RCC_AHBPeriphClockCmd
                0x00002dfa       0x18 lib/libboard_qt_py_ch32v203g6u6.a(ch32v20x_rcc.c.obj)
                0x00002dfa                RCC_AHBPeriphClockCmd
 .text.RCC_APB2PeriphClockCmd
                0x00002e12       0x18 lib/libboard_qt_py_ch32v203g6u6.a(ch32v20x_rcc.c.obj)
                0x00002e12                RCC_APB2PeriphClockCmd
 .text.RCC_APB1PeriphClockCmd
                0x00002e2a       0x18 lib/libboard_qt_py_ch32v203g6u6.a(ch32v20x_rcc.c.obj)
                0x00002e2a                RCC_APB1PeriphClockCmd
 .text.USART_Init
                0x00002e42       0xc0 lib/libboard_qt_py_ch32v203g6u6.a(ch32v20x_usart.c.obj)
                0x00002e42                USART_Init
 .text.USART_Cmd
                0x00002f02       0x18 lib/libboard_qt_py_ch32v203g6u6.a(ch32v20x_usart.c.obj)
                0x00002f02                USART_Cmd
 .text.SystemInit
                0x00002f1a       0xa8 lib/libboard_qt_py_ch32v203g6u6.a(system_ch32v20x.c.obj)
                0x00002f1a                SystemInit
 .text.__udivdi3
                0x00002fc2      0x3a6 C:/Users/alanjo/.copilot/session-state/2abf14a3-cfdd-444d-921d-c37c47c45cd6/files/xpack-riscv/bin/../lib/gcc/riscv-none-elf/14.2.0\libgcc.a(_udivdi3.o)
                0x00002fc2                __udivdi3
 .text.strlen   0x00003368       0x12 C:/Users/alanjo/.copilot/session-state/2abf14a3-cfdd-444d-921d-c37c47c45cd6/files/xpack-riscv/bin/../lib/gcc/riscv-none-elf/14.2.0/../../../../riscv-none-elf/lib\libg_nano.a(libc_a-strlen.o)
                0x00003368                strlen
 *(.rodata)
 *fill*         0x0000337a        0x2 
 .rodata        0x0000337c       0x28 CMakeFiles/hid_boot_interface.dir/426ce5d780536d4965aafa7588038a93/files/tinyusb/hw/bsp/ch32v20x/family.c.obj
 *(.rodata*)
 .rodata.tud_descriptor_string_cb.str1.4
                0x000033a4       0x2b CMakeFiles/hid_boot_interface.dir/src/usb_descriptors.c.obj
                                 0x11 (size before relaxing)
 .rodata.str1.4
                0x000033cf       0x17 CMakeFiles/hid_boot_interface.dir/src/usb_descriptors.c.obj
 *fill*         0x000033cf        0x1 
 .rodata.string_desc_arr
                0x000033d0       0x10 CMakeFiles/hid_boot_interface.dir/src/usb_descriptors.c.obj
 .rodata.desc_configuration
                0x000033e0       0x3b CMakeFiles/hid_boot_interface.dir/src/usb_descriptors.c.obj
                0x000033e0                desc_configuration
 *fill*         0x0000341b        0x1 
 .rodata.desc_hid_mouse_report
                0x0000341c       0x4d CMakeFiles/hid_boot_interface.dir/src/usb_descriptors.c.obj
                0x0000341c                desc_hid_mouse_report
 *fill*         0x00003469        0x3 
 .rodata.desc_hid_keyboard_report
                0x0000346c       0x41 CMakeFiles/hid_boot_interface.dir/src/usb_descriptors.c.obj
                0x0000346c                desc_hid_keyboard_report
 *fill*         0x000034ad        0x3 
 .rodata.desc_device
                0x000034b0       0x12 CMakeFiles/hid_boot_interface.dir/src/usb_descriptors.c.obj
 *fill*         0x000034c2        0x2 
 .rodata.dcd_event_handler
                0x000034c4       0x18 CMakeFiles/hid_boot_interface.dir/d0f8aee16ceacc17965706d727f982c6/2abf14a3-cfdd-444d-921d-c37c47c45cd6/files/tinyusb/src/device/usbd.c.obj
 .rodata.tud_task_ext
                0x000034dc       0x84 CMakeFiles/hid_boot_interface.dir/d0f8aee16ceacc17965706d727f982c6/2abf14a3-cfdd-444d-921d-c37c47c45cd6/files/tinyusb/src/device/usbd.c.obj
 .rodata._usbd_driver
                0x00003560       0x24 CMakeFiles/hid_boot_interface.dir/d0f8aee16ceacc17965706d727f982c6/2abf14a3-cfdd-444d-921d-c37c47c45cd6/files/tinyusb/src/device/usbd.c.obj
 .rodata.hidd_control_xfer_cb
                0x00003584       0x2c CMakeFiles/hid_boot_interface.dir/426ce5d780536d4965aafa7588038a93/files/tinyusb/src/class/hid/hid_device.c.obj
 .rodata.APBAHBPrescTable
                0x000035b0       0x10 lib/libboard_qt_py_ch32v203g6u6.a(ch32v20x_rcc.c.obj)
 .rodata.__clz_tab
                0x000035c0      0x100 C:/Users/alanjo/.copilot/session-state/2abf14a3-cfdd-444d-921d-c37c47c45cd6/files/xpack-riscv/bin/../lib/gcc/riscv-none-elf/14.2.0\libgcc.a(_clz.o)
                0x000035c0                __clz_tab
 *(.gnu.linkonce.t.*)
                0x000036c0                        . = ALIGN (0x4)

.rela.dyn       0x000036c0        0x0
 .rela.text.tud_task_ext
                0x000036c0        0x0 CMakeFiles/hid_boot_interface.dir/src/main.c.obj
 .rela.init     0x000036c0        0x0 CMakeFiles/hid_boot_interface.dir/src/main.c.obj
 .rela.vector   0x000036c0        0x0 CMakeFiles/hid_boot_interface.dir/src/main.c.obj
 .rela.text.handle_reset
                0x000036c0        0x0 CMakeFiles/hid_boot_interface.dir/src/main.c.obj

.fini           0x000036c0        0x0
 *(SORT_NONE(.fini))
                0x000036c0                        . = ALIGN (0x4)
                [!provide]                        PROVIDE (_etext = .)
                [!provide]                        PROVIDE (_eitcm = .)

.preinit_array  0x000036c0        0x0
                [!provide]                        PROVIDE (__preinit_array_start = .)
 *(.preinit_array)
                [!provide]                        PROVIDE (__preinit_array_end = .)

.init_array     0x000036c0        0x0
                [!provide]                        PROVIDE (__init_array_start = .)
 *(SORT_BY_INIT_PRIORITY(.init_array.*) SORT_BY_INIT_PRIORITY(.ctors.*))
 *(.init_array EXCLUDE_FILE(*crtend?.o *crtend.o *crtbegin?.o *crtbegin.o) .ctors)
                [!provide]                        PROVIDE (__init_array_end = .)

.fini_array     0x000036c0        0x0
                [!provide]                        PROVIDE (__fini_array_start = .)
 *(SORT_BY_INIT_PRIORITY(.fini_array.*) SORT_BY_INIT_PRIORITY(.dtors.*))
 *(.fini_array EXCLUDE_FILE(*crtend?.o *crtend.o *crtbegin?.o *crtbegin.o) .dtors)
                [!provide]                        PROVIDE (__fini_array_end = .)

.ctors
 *crtbegin.o(.ctors)
 *crtbegin?.o(.ctors)
 *(EXCLUDE_FILE(*crtend?.o *crtend.o) .ctors)
 *(SORT_BY_NAME(.ctors.*))
 *(.ctors)

.dtors
 *crtbegin.o(.dtors)
 *crtbegin?.o(.dtors)
 *(EXCLUDE_FILE(*crtend?.o *crtend.o) .dtors)
 *(SORT_BY_NAME(.dtors.*))
 *(.dtors)

.dalign         0x20000000        0x0 load address 0x000036c0
                0x20000000                        . = ALIGN (0x4)
                0x20000000                        PROVIDE (_data_vma = .)

.dlalign        0x000036c0        0x0
                0x000036c0                        . = ALIGN (0x4)
                0x000036c0                        PROVIDE (_data_lma = .)

.data           0x20000000       0x30 load address 0x000036c0
 *(.gnu.linkonce.r.*)
 *(.data .data.*)
 .data._usbd_qdef
                0x20000000       0x14 CMakeFiles/hid_boot_interface.dir/d0f8aee16ceacc17965706d727f982c6/2abf14a3-cfdd-444d-921d-c37c47c45cd6/files/tinyusb/src/device/usbd.c.obj
                0x20000000                _usbd_qdef
 *(.gnu.linkonce.d.*)
                0x20000018                        . = ALIGN (0x8)
 *fill*         0x20000014        0x4 
                0x20000818                        PROVIDE (__global_pointer$ = (. + 0x800))
 *(.sdata .sdata.*)
 .sdata.blink_interval_ms
                0x20000018        0x4 CMakeFiles/hid_boot_interface.dir/src/main.c.obj
 .sdata._usbd_rhport
                0x2000001c        0x1 CMakeFiles/hid_boot_interface.dir/d0f8aee16ceacc17965706d727f982c6/2abf14a3-cfdd-444d-921d-c37c47c45cd6/files/tinyusb/src/device/usbd.c.obj
 *fill*         0x2000001d        0x3 
 .sdata.SystemCoreClock
                0x20000020        0x4 lib/libboard_qt_py_ch32v203g6u6.a(system_ch32v20x.c.obj)
                0x20000020                SystemCoreClock
 *(.sdata2.*)
 *(.gnu.linkonce.s.*)
                0x20000028                        . = ALIGN (0x8)
 *fill*         0x20000024        0x4 
 *(.srodata.cst16)
 *(.srodata.cst8)
 *(.srodata.cst4)
 *(.srodata.cst2)
 *(.srodata .srodata.*)
 .srodata.__compound_literal.0
                0x20000028        0x2 CMakeFiles/hid_boot_interface.dir/src/usb_descriptors.c.obj
 *fill*         0x2000002a        0x2 
 .srodata.ADCPrescTable
                0x2000002c        0x4 lib/libboard_qt_py_ch32v203g6u6.a(ch32v20x_rcc.c.obj)
                0x20000030                        . = ALIGN (0x4)
                0x20000030                        PROVIDE (_edata = .)

.bss            0x20000030      0x32c load address 0x000036f0
                0x20000030                        . = ALIGN (0x4)
                0x20000030                        PROVIDE (_sbss = .)
 *(.sbss*)
 .sbss.led_state.0
                0x20000030        0x1 CMakeFiles/hid_boot_interface.dir/src/main.c.obj
 *fill*         0x20000031        0x3 
 .sbss.start_ms.1
                0x20000034        0x4 CMakeFiles/hid_boot_interface.dir/src/main.c.obj
 .sbss.has_keyboard_key.2
                0x20000038        0x1 CMakeFiles/hid_boot_interface.dir/src/main.c.obj
 *fill*         0x20000039        0x3 
 .sbss.start_ms.3
                0x2000003c        0x4 CMakeFiles/hid_boot_interface.dir/src/main.c.obj
 .sbss._tusb_rhport_role
                0x20000040        0x8 CMakeFiles/hid_boot_interface.dir/C_/Users/alanjo/.copilot/session-state/2abf14a3-cfdd-444d-921d-c37c47c45cd6/files/tinyusb/src/tusb.c.obj
                0x20000040                _tusb_rhport_role
 .sbss._usbd_q  0x20000048        0x4 CMakeFiles/hid_boot_interface.dir/d0f8aee16ceacc17965706d727f982c6/2abf14a3-cfdd-444d-921d-c37c47c45cd6/files/tinyusb/src/device/usbd.c.obj
 .sbss._app_driver_count
                0x2000004c        0x1 CMakeFiles/hid_boot_interface.dir/d0f8aee16ceacc17965706d727f982c6/2abf14a3-cfdd-444d-921d-c37c47c45cd6/files/tinyusb/src/device/usbd.c.obj
 *fill*         0x2000004d        0x3 
 .sbss._app_driver
                0x20000050        0x4 CMakeFiles/hid_boot_interface.dir/d0f8aee16ceacc17965706d727f982c6/2abf14a3-cfdd-444d-921d-c37c47c45cd6/files/tinyusb/src/device/usbd.c.obj
 .sbss._usbd_queued_setup
                0x20000054        0x1 CMakeFiles/hid_boot_interface.dir/d0f8aee16ceacc17965706d727f982c6/2abf14a3-cfdd-444d-921d-c37c47c45cd6/files/tinyusb/src/device/usbd.c.obj
 *fill*         0x20000055        0x3 
 .sbss.system_ticks
                0x20000058        0x4 CMakeFiles/hid_boot_interface.dir/426ce5d780536d4965aafa7588038a93/files/tinyusb/hw/bsp/ch32v20x/family.c.obj
                0x20000058                system_ticks
 .sbss.ep_buf_ptr
                0x2000005c        0x2 CMakeFiles/hid_boot_interface.dir/426ce5d780536d4965aafa7588038a93/files/tinyusb/src/portable/st/stm32_fsdev/dcd_stm32_fsdev.c.obj
 .sbss.ep0_ctrl_has_data
                0x2000005e        0x1 CMakeFiles/hid_boot_interface.dir/426ce5d780536d4965aafa7588038a93/files/tinyusb/src/portable/st/stm32_fsdev/dcd_stm32_fsdev.c.obj
 .sbss.ep0_ctrl_dir_in
                0x2000005f        0x1 CMakeFiles/hid_boot_interface.dir/426ce5d780536d4965aafa7588038a93/files/tinyusb/src/portable/st/stm32_fsdev/dcd_stm32_fsdev.c.obj
 .sbss.remoteWakeCountdown
                0x20000060        0x1 CMakeFiles/hid_boot_interface.dir/426ce5d780536d4965aafa7588038a93/files/tinyusb/src/portable/st/stm32_fsdev/dcd_stm32_fsdev.c.obj
 .sbss.MCU_Version
                0x20000061        0x1 lib/libboard_qt_py_ch32v203g6u6.a(ch32v20x_gpio.c.obj)
                0x20000061                MCU_Version
 *(.gnu.linkonce.sb.*)
 *(.bss*)
 *fill*         0x20000062        0x2 
 .bss._desc_str
                0x20000064       0x42 CMakeFiles/hid_boot_interface.dir/src/usb_descriptors.c.obj
 *fill*         0x200000a6        0x2 
 .bss._usbd_qdef_buf
                0x200000a8       0xc0 CMakeFiles/hid_boot_interface.dir/d0f8aee16ceacc17965706d727f982c6/2abf14a3-cfdd-444d-921d-c37c47c45cd6/files/tinyusb/src/device/usbd.c.obj
                0x200000a8                _usbd_qdef_buf
 .bss._ctrl_epbuf
                0x20000168       0x40 CMakeFiles/hid_boot_interface.dir/d0f8aee16ceacc17965706d727f982c6/2abf14a3-cfdd-444d-921d-c37c47c45cd6/files/tinyusb/src/device/usbd.c.obj
 .bss._usbd_dev
                0x200001a8       0x4c CMakeFiles/hid_boot_interface.dir/d0f8aee16ceacc17965706d727f982c6/2abf14a3-cfdd-444d-921d-c37c47c45cd6/files/tinyusb/src/device/usbd.c.obj
 .bss._hidd_epbuf
                0x200001f4       0x30 CMakeFiles/hid_boot_interface.dir/426ce5d780536d4965aafa7588038a93/files/tinyusb/src/class/hid/hid_device.c.obj
 .bss._hidd_itf
                0x20000224       0x18 CMakeFiles/hid_boot_interface.dir/426ce5d780536d4965aafa7588038a93/files/tinyusb/src/class/hid/hid_device.c.obj
 .bss.ep_alloc_status
                0x2000023c       0x20 CMakeFiles/hid_boot_interface.dir/426ce5d780536d4965aafa7588038a93/files/tinyusb/src/portable/st/stm32_fsdev/dcd_stm32_fsdev.c.obj
 .bss.xfer_status
                0x2000025c      0x100 CMakeFiles/hid_boot_interface.dir/426ce5d780536d4965aafa7588038a93/files/tinyusb/src/portable/st/stm32_fsdev/dcd_stm32_fsdev.c.obj
 *(.gnu.linkonce.b.*)
 *(COMMON*)
                0x2000035c                        . = ALIGN (0x4)
                0x2000035c                        PROVIDE (_ebss = .)

._user_heap_stack
                0x2000035c      0x804 load address 0x000036f0
                0x20000360                        . = ALIGN (0x8)
 *fill*         0x2000035c        0x4 
                [!provide]                        PROVIDE (end = .)
                [!provide]                        PROVIDE (_end = .)
                0x20000b60                        . = (. + __stack_size)
 *fill*         0x20000360      0x800 
                0x20000b60                        . = ALIGN (0x8)
                [!provide]                        PROVIDE (_heap_end = ((ORIGIN (RAM) + LENGTH (RAM)) - __stack_size))
                [!provide]                        PROVIDE (_susrstack = _heap_end)
                0x20002800                        PROVIDE (_eusrstack = (ORIGIN (RAM) + LENGTH (RAM)))
LOAD CMakeFiles/hid_boot_interface.dir/src/main.c.obj
LOAD CMakeFiles/hid_boot_interface.dir/src/usb_descriptors.c.obj
LOAD CMakeFiles/hid_boot_interface.dir/C_/Users/alanjo/.copilot/session-state/2abf14a3-cfdd-444d-921d-c37c47c45cd6/files/tinyusb/src/tusb.c.obj
LOAD CMakeFiles/hid_boot_interface.dir/426ce5d780536d4965aafa7588038a93/files/tinyusb/src/common/tusb_fifo.c.obj
LOAD CMakeFiles/hid_boot_interface.dir/d0f8aee16ceacc17965706d727f982c6/2abf14a3-cfdd-444d-921d-c37c47c45cd6/files/tinyusb/src/device/usbd.c.obj
LOAD CMakeFiles/hid_boot_interface.dir/426ce5d780536d4965aafa7588038a93/files/tinyusb/src/class/audio/audio_device.c.obj
LOAD CMakeFiles/hid_boot_interface.dir/426ce5d780536d4965aafa7588038a93/files/tinyusb/src/class/cdc/cdc_device.c.obj
LOAD CMakeFiles/hid_boot_interface.dir/426ce5d780536d4965aafa7588038a93/files/tinyusb/src/class/dfu/dfu_device.c.obj
LOAD CMakeFiles/hid_boot_interface.dir/426ce5d780536d4965aafa7588038a93/files/tinyusb/src/class/dfu/dfu_rt_device.c.obj
LOAD CMakeFiles/hid_boot_interface.dir/426ce5d780536d4965aafa7588038a93/files/tinyusb/src/class/hid/hid_device.c.obj
LOAD CMakeFiles/hid_boot_interface.dir/426ce5d780536d4965aafa7588038a93/files/tinyusb/src/class/midi/midi_device.c.obj
LOAD CMakeFiles/hid_boot_interface.dir/426ce5d780536d4965aafa7588038a93/files/tinyusb/src/class/midi/midi2_device.c.obj
LOAD CMakeFiles/hid_boot_interface.dir/426ce5d780536d4965aafa7588038a93/files/tinyusb/src/class/msc/msc_device.c.obj
LOAD CMakeFiles/hid_boot_interface.dir/426ce5d780536d4965aafa7588038a93/files/tinyusb/src/class/mtp/mtp_device.c.obj
LOAD CMakeFiles/hid_boot_interface.dir/426ce5d780536d4965aafa7588038a93/files/tinyusb/src/class/net/ecm_rndis_device.c.obj
LOAD CMakeFiles/hid_boot_interface.dir/426ce5d780536d4965aafa7588038a93/files/tinyusb/src/class/net/ncm_device.c.obj
LOAD CMakeFiles/hid_boot_interface.dir/426ce5d780536d4965aafa7588038a93/files/tinyusb/src/class/printer/printer_device.c.obj
LOAD CMakeFiles/hid_boot_interface.dir/426ce5d780536d4965aafa7588038a93/files/tinyusb/src/class/usbtmc/usbtmc_device.c.obj
LOAD CMakeFiles/hid_boot_interface.dir/426ce5d780536d4965aafa7588038a93/files/tinyusb/src/class/vendor/vendor_device.c.obj
LOAD CMakeFiles/hid_boot_interface.dir/426ce5d780536d4965aafa7588038a93/files/tinyusb/src/class/video/video_device.c.obj
LOAD CMakeFiles/hid_boot_interface.dir/C_/Users/alanjo/.copilot/session-state/2abf14a3-cfdd-444d-921d-c37c47c45cd6/files/tinyusb/src/host/usbh.c.obj
LOAD CMakeFiles/hid_boot_interface.dir/C_/Users/alanjo/.copilot/session-state/2abf14a3-cfdd-444d-921d-c37c47c45cd6/files/tinyusb/src/host/hub.c.obj
LOAD CMakeFiles/hid_boot_interface.dir/426ce5d780536d4965aafa7588038a93/files/tinyusb/src/class/cdc/cdc_host.c.obj
LOAD CMakeFiles/hid_boot_interface.dir/426ce5d780536d4965aafa7588038a93/files/tinyusb/src/class/hid/hid_host.c.obj
LOAD CMakeFiles/hid_boot_interface.dir/426ce5d780536d4965aafa7588038a93/files/tinyusb/src/class/midi/midi_host.c.obj
LOAD CMakeFiles/hid_boot_interface.dir/426ce5d780536d4965aafa7588038a93/files/tinyusb/src/class/midi/midi2_host.c.obj
LOAD CMakeFiles/hid_boot_interface.dir/426ce5d780536d4965aafa7588038a93/files/tinyusb/src/class/msc/msc_host.c.obj
LOAD CMakeFiles/hid_boot_interface.dir/426ce5d780536d4965aafa7588038a93/files/tinyusb/src/class/vendor/vendor_host.c.obj
LOAD CMakeFiles/hid_boot_interface.dir/d0f8aee16ceacc17965706d727f982c6/2abf14a3-cfdd-444d-921d-c37c47c45cd6/files/tinyusb/src/typec/usbc.c.obj
LOAD CMakeFiles/hid_boot_interface.dir/426ce5d780536d4965aafa7588038a93/files/tinyusb/hw/bsp/ch32v20x/family.c.obj
LOAD CMakeFiles/hid_boot_interface.dir/C_/Users/alanjo/.copilot/session-state/2abf14a3-cfdd-444d-921d-c37c47c45cd6/files/tinyusb/hw/bsp/board.c.obj
LOAD CMakeFiles/hid_boot_interface.dir/426ce5d780536d4965aafa7588038a93/files/tinyusb/src/portable/wch/dcd_ch32_usbfs.c.obj
LOAD CMakeFiles/hid_boot_interface.dir/426ce5d780536d4965aafa7588038a93/files/tinyusb/src/portable/wch/hcd_ch32_usbfs.c.obj
LOAD CMakeFiles/hid_boot_interface.dir/426ce5d780536d4965aafa7588038a93/files/tinyusb/src/portable/st/stm32_fsdev/dcd_stm32_fsdev.c.obj
LOAD CMakeFiles/hid_boot_interface.dir/426ce5d780536d4965aafa7588038a93/files/tinyusb/src/portable/st/stm32_fsdev/fsdev_common.c.obj
LOAD CMakeFiles/hid_boot_interface.dir/18853f0d0dd114966c11209964a28e0f/tinyusb/hw/mcu/wch/ch32v20x/EVT/EXAM/SRC/Startup/startup_ch32v20x_D6.S.obj
LOAD lib/libboard_qt_py_ch32v203g6u6.a
LOAD C:/Users/alanjo/.copilot/session-state/2abf14a3-cfdd-444d-921d-c37c47c45cd6/files/xpack-riscv/bin/../lib/gcc/riscv-none-elf/14.2.0\libgcc.a
LOAD C:/Users/alanjo/.copilot/session-state/2abf14a3-cfdd-444d-921d-c37c47c45cd6/files/xpack-riscv/bin/../lib/gcc/riscv-none-elf/14.2.0/../../../../riscv-none-elf/lib\libg_nano.a
LOAD C:/Users/alanjo/.copilot/session-state/2abf14a3-cfdd-444d-921d-c37c47c45cd6/files/xpack-riscv/bin/../lib/gcc/riscv-none-elf/14.2.0/../../../../riscv-none-elf/lib\libc_nano.a
LOAD C:/Users/alanjo/.copilot/session-state/2abf14a3-cfdd-444d-921d-c37c47c45cd6/files/xpack-riscv/bin/../lib/gcc/riscv-none-elf/14.2.0\libgcc.a
START GROUP
LOAD C:/Users/alanjo/.copilot/session-state/2abf14a3-cfdd-444d-921d-c37c47c45cd6/files/xpack-riscv/bin/../lib/gcc/riscv-none-elf/14.2.0\libgcc.a
LOAD C:/Users/alanjo/.copilot/session-state/2abf14a3-cfdd-444d-921d-c37c47c45cd6/files/xpack-riscv/bin/../lib/gcc/riscv-none-elf/14.2.0/../../../../riscv-none-elf/lib\libc_nano.a
LOAD C:/Users/alanjo/.copilot/session-state/2abf14a3-cfdd-444d-921d-c37c47c45cd6/files/xpack-riscv/bin/../lib/gcc/riscv-none-elf/14.2.0/../../../../riscv-none-elf/lib\libnosys.a
END GROUP
START GROUP
LOAD C:/Users/alanjo/.copilot/session-state/2abf14a3-cfdd-444d-921d-c37c47c45cd6/files/xpack-riscv/bin/../lib/gcc/riscv-none-elf/14.2.0\libgcc.a
LOAD C:/Users/alanjo/.copilot/session-state/2abf14a3-cfdd-444d-921d-c37c47c45cd6/files/xpack-riscv/bin/../lib/gcc/riscv-none-elf/14.2.0/../../../../riscv-none-elf/lib\libc_nano.a
LOAD C:/Users/alanjo/.copilot/session-state/2abf14a3-cfdd-444d-921d-c37c47c45cd6/files/xpack-riscv/bin/../lib/gcc/riscv-none-elf/14.2.0/../../../../riscv-none-elf/lib\libnosys.a
END GROUP
OUTPUT(hid_boot_interface.elf elf32-littleriscv)

.debug_info     0x00000000    0x11938
 .debug_info    0x00000000      0x7a0 CMakeFiles/hid_boot_interface.dir/src/main.c.obj
 .debug_info    0x000007a0     0x1472 CMakeFiles/hid_boot_interface.dir/src/usb_descriptors.c.obj
 .debug_info    0x00001c12     0x1786 CMakeFiles/hid_boot_interface.dir/C_/Users/alanjo/.copilot/session-state/2abf14a3-cfdd-444d-921d-c37c47c45cd6/files/tinyusb/src/tusb.c.obj
 .debug_info    0x00003398     0x1a28 CMakeFiles/hid_boot_interface.dir/426ce5d780536d4965aafa7588038a93/files/tinyusb/src/common/tusb_fifo.c.obj
 .debug_info    0x00004dc0     0x3d5e CMakeFiles/hid_boot_interface.dir/d0f8aee16ceacc17965706d727f982c6/2abf14a3-cfdd-444d-921d-c37c47c45cd6/files/tinyusb/src/device/usbd.c.obj
 .debug_info    0x00008b1e     0x18e4 CMakeFiles/hid_boot_interface.dir/426ce5d780536d4965aafa7588038a93/files/tinyusb/src/class/hid/hid_device.c.obj
 .debug_info    0x0000a402      0xd43 CMakeFiles/hid_boot_interface.dir/426ce5d780536d4965aafa7588038a93/files/tinyusb/hw/bsp/ch32v20x/family.c.obj
 .debug_info    0x0000b145      0x30a CMakeFiles/hid_boot_interface.dir/C_/Users/alanjo/.copilot/session-state/2abf14a3-cfdd-444d-921d-c37c47c45cd6/files/tinyusb/hw/bsp/board.c.obj
 .debug_info    0x0000b44f     0x3780 CMakeFiles/hid_boot_interface.dir/426ce5d780536d4965aafa7588038a93/files/tinyusb/src/portable/st/stm32_fsdev/dcd_stm32_fsdev.c.obj
 .debug_info    0x0000ebcf      0x571 CMakeFiles/hid_boot_interface.dir/426ce5d780536d4965aafa7588038a93/files/tinyusb/src/portable/st/stm32_fsdev/fsdev_common.c.obj
 .debug_info    0x0000f140       0x23 CMakeFiles/hid_boot_interface.dir/18853f0d0dd114966c11209964a28e0f/tinyusb/hw/mcu/wch/ch32v20x/EVT/EXAM/SRC/Startup/startup_ch32v20x_D6.S.obj
 .debug_info    0x0000f163      0x9ec lib/libboard_qt_py_ch32v203g6u6.a(ch32v20x_gpio.c.obj)
 .debug_info    0x0000fb4f      0x903 lib/libboard_qt_py_ch32v203g6u6.a(ch32v20x_rcc.c.obj)
 .debug_info    0x00010452      0xa21 lib/libboard_qt_py_ch32v203g6u6.a(ch32v20x_usart.c.obj)
 .debug_info    0x00010e73      0x26a lib/libboard_qt_py_ch32v203g6u6.a(system_ch32v20x.c.obj)
 .debug_info    0x000110dd      0x76e C:/Users/alanjo/.copilot/session-state/2abf14a3-cfdd-444d-921d-c37c47c45cd6/files/xpack-riscv/bin/../lib/gcc/riscv-none-elf/14.2.0\libgcc.a(_udivdi3.o)
 .debug_info    0x0001184b       0xed C:/Users/alanjo/.copilot/session-state/2abf14a3-cfdd-444d-921d-c37c47c45cd6/files/xpack-riscv/bin/../lib/gcc/riscv-none-elf/14.2.0\libgcc.a(_clz.o)

.debug_abbrev   0x00000000     0x3334
 .debug_abbrev  0x00000000      0x2b6 CMakeFiles/hid_boot_interface.dir/src/main.c.obj
 .debug_abbrev  0x000002b6      0x26c CMakeFiles/hid_boot_interface.dir/src/usb_descriptors.c.obj
 .debug_abbrev  0x00000522      0x4a7 CMakeFiles/hid_boot_interface.dir/C_/Users/alanjo/.copilot/session-state/2abf14a3-cfdd-444d-921d-c37c47c45cd6/files/tinyusb/src/tusb.c.obj
 .debug_abbrev  0x000009c9      0x424 CMakeFiles/hid_boot_interface.dir/426ce5d780536d4965aafa7588038a93/files/tinyusb/src/common/tusb_fifo.c.obj
 .debug_abbrev  0x00000ded      0x7d4 CMakeFiles/hid_boot_interface.dir/d0f8aee16ceacc17965706d727f982c6/2abf14a3-cfdd-444d-921d-c37c47c45cd6/files/tinyusb/src/device/usbd.c.obj
 .debug_abbrev  0x000015c1      0x479 CMakeFiles/hid_boot_interface.dir/426ce5d780536d4965aafa7588038a93/files/tinyusb/src/class/hid/hid_device.c.obj
 .debug_abbrev  0x00001a3a      0x3a0 CMakeFiles/hid_boot_interface.dir/426ce5d780536d4965aafa7588038a93/files/tinyusb/hw/bsp/ch32v20x/family.c.obj
 .debug_abbrev  0x00001dda      0x145 CMakeFiles/hid_boot_interface.dir/C_/Users/alanjo/.copilot/session-state/2abf14a3-cfdd-444d-921d-c37c47c45cd6/files/tinyusb/hw/bsp/board.c.obj
 .debug_abbrev  0x00001f1f      0x6b2 CMakeFiles/hid_boot_interface.dir/426ce5d780536d4965aafa7588038a93/files/tinyusb/src/portable/st/stm32_fsdev/dcd_stm32_fsdev.c.obj
 .debug_abbrev  0x000025d1      0x2a3 CMakeFiles/hid_boot_interface.dir/426ce5d780536d4965aafa7588038a93/files/tinyusb/src/portable/st/stm32_fsdev/fsdev_common.c.obj
 .debug_abbrev  0x00002874       0x12 CMakeFiles/hid_boot_interface.dir/18853f0d0dd114966c11209964a28e0f/tinyusb/hw/mcu/wch/ch32v20x/EVT/EXAM/SRC/Startup/startup_ch32v20x_D6.S.obj
 .debug_abbrev  0x00002886      0x27a lib/libboard_qt_py_ch32v203g6u6.a(ch32v20x_gpio.c.obj)
 .debug_abbrev  0x00002b00      0x27e lib/libboard_qt_py_ch32v203g6u6.a(ch32v20x_rcc.c.obj)
 .debug_abbrev  0x00002d7e      0x219 lib/libboard_qt_py_ch32v203g6u6.a(ch32v20x_usart.c.obj)
 .debug_abbrev  0x00002f97      0x194 lib/libboard_qt_py_ch32v203g6u6.a(system_ch32v20x.c.obj)
 .debug_abbrev  0x0000312b      0x199 C:/Users/alanjo/.copilot/session-state/2abf14a3-cfdd-444d-921d-c37c47c45cd6/files/xpack-riscv/bin/../lib/gcc/riscv-none-elf/14.2.0\libgcc.a(_udivdi3.o)
 .debug_abbrev  0x000032c4       0x70 C:/Users/alanjo/.copilot/session-state/2abf14a3-cfdd-444d-921d-c37c47c45cd6/files/xpack-riscv/bin/../lib/gcc/riscv-none-elf/14.2.0\libgcc.a(_clz.o)

.debug_loclists
                0x00000000     0x7e73
 .debug_loclists
                0x00000000      0x168 CMakeFiles/hid_boot_interface.dir/src/main.c.obj
 .debug_loclists
                0x00000168      0x18f CMakeFiles/hid_boot_interface.dir/src/usb_descriptors.c.obj
 .debug_loclists
                0x000002f7      0xd75 CMakeFiles/hid_boot_interface.dir/C_/Users/alanjo/.copilot/session-state/2abf14a3-cfdd-444d-921d-c37c47c45cd6/files/tinyusb/src/tusb.c.obj
 .debug_loclists
                0x0000106c     0x1191 CMakeFiles/hid_boot_interface.dir/426ce5d780536d4965aafa7588038a93/files/tinyusb/src/common/tusb_fifo.c.obj
 .debug_loclists
                0x000021fd     0x1a7b CMakeFiles/hid_boot_interface.dir/d0f8aee16ceacc17965706d727f982c6/2abf14a3-cfdd-444d-921d-c37c47c45cd6/files/tinyusb/src/device/usbd.c.obj
 .debug_loclists
                0x00003c78      0xcc8 CMakeFiles/hid_boot_interface.dir/426ce5d780536d4965aafa7588038a93/files/tinyusb/src/class/hid/hid_device.c.obj
 .debug_loclists
                0x00004940      0x174 CMakeFiles/hid_boot_interface.dir/426ce5d780536d4965aafa7588038a93/files/tinyusb/hw/bsp/ch32v20x/family.c.obj
 .debug_loclists
                0x00004ab4      0x122 CMakeFiles/hid_boot_interface.dir/C_/Users/alanjo/.copilot/session-state/2abf14a3-cfdd-444d-921d-c37c47c45cd6/files/tinyusb/hw/bsp/board.c.obj
 .debug_loclists
                0x00004bd6     0x1893 CMakeFiles/hid_boot_interface.dir/426ce5d780536d4965aafa7588038a93/files/tinyusb/src/portable/st/stm32_fsdev/dcd_stm32_fsdev.c.obj
 .debug_loclists
                0x00006469       0xc9 CMakeFiles/hid_boot_interface.dir/426ce5d780536d4965aafa7588038a93/files/tinyusb/src/portable/st/stm32_fsdev/fsdev_common.c.obj
 .debug_loclists
                0x00006532      0x547 lib/libboard_qt_py_ch32v203g6u6.a(ch32v20x_gpio.c.obj)
 .debug_loclists
                0x00006a79      0x3d0 lib/libboard_qt_py_ch32v203g6u6.a(ch32v20x_rcc.c.obj)
 .debug_loclists
                0x00006e49      0x5f4 lib/libboard_qt_py_ch32v203g6u6.a(ch32v20x_usart.c.obj)
 .debug_loclists
                0x0000743d       0x5d lib/libboard_qt_py_ch32v203g6u6.a(system_ch32v20x.c.obj)
 .debug_loclists
                0x0000749a      0x9d9 C:/Users/alanjo/.copilot/session-state/2abf14a3-cfdd-444d-921d-c37c47c45cd6/files/xpack-riscv/bin/../lib/gcc/riscv-none-elf/14.2.0\libgcc.a(_udivdi3.o)

.debug_aranges  0x00000000      0xa18
 .debug_aranges
                0x00000000       0x70 CMakeFiles/hid_boot_interface.dir/src/main.c.obj
 .debug_aranges
                0x00000070       0x38 CMakeFiles/hid_boot_interface.dir/src/usb_descriptors.c.obj
 .debug_aranges
                0x000000a8       0xd0 CMakeFiles/hid_boot_interface.dir/C_/Users/alanjo/.copilot/session-state/2abf14a3-cfdd-444d-921d-c37c47c45cd6/files/tinyusb/src/tusb.c.obj
 .debug_aranges
                0x00000178       0xb8 CMakeFiles/hid_boot_interface.dir/426ce5d780536d4965aafa7588038a93/files/tinyusb/src/common/tusb_fifo.c.obj
 .debug_aranges
                0x00000230      0x1f0 CMakeFiles/hid_boot_interface.dir/d0f8aee16ceacc17965706d727f982c6/2abf14a3-cfdd-444d-921d-c37c47c45cd6/files/tinyusb/src/device/usbd.c.obj
 .debug_aranges
                0x00000420       0xb0 CMakeFiles/hid_boot_interface.dir/426ce5d780536d4965aafa7588038a93/files/tinyusb/src/class/hid/hid_device.c.obj
 .debug_aranges
                0x000004d0       0x88 CMakeFiles/hid_boot_interface.dir/426ce5d780536d4965aafa7588038a93/files/tinyusb/hw/bsp/ch32v20x/family.c.obj
 .debug_aranges
                0x00000558       0x50 CMakeFiles/hid_boot_interface.dir/C_/Users/alanjo/.copilot/session-state/2abf14a3-cfdd-444d-921d-c37c47c45cd6/files/tinyusb/hw/bsp/board.c.obj
 .debug_aranges
                0x000005a8       0xd8 CMakeFiles/hid_boot_interface.dir/426ce5d780536d4965aafa7588038a93/files/tinyusb/src/portable/st/stm32_fsdev/dcd_stm32_fsdev.c.obj
 .debug_aranges
                0x00000680       0x38 CMakeFiles/hid_boot_interface.dir/426ce5d780536d4965aafa7588038a93/files/tinyusb/src/portable/st/stm32_fsdev/fsdev_common.c.obj
 .debug_aranges
                0x000006b8       0x30 CMakeFiles/hid_boot_interface.dir/18853f0d0dd114966c11209964a28e0f/tinyusb/hw/mcu/wch/ch32v20x/EVT/EXAM/SRC/Startup/startup_ch32v20x_D6.S.obj
 .debug_aranges
                0x000006e8       0xb0 lib/libboard_qt_py_ch32v203g6u6.a(ch32v20x_gpio.c.obj)
 .debug_aranges
                0x00000798      0x130 lib/libboard_qt_py_ch32v203g6u6.a(ch32v20x_rcc.c.obj)
 .debug_aranges
                0x000008c8       0xf0 lib/libboard_qt_py_ch32v203g6u6.a(ch32v20x_usart.c.obj)
 .debug_aranges
                0x000009b8       0x28 lib/libboard_qt_py_ch32v203g6u6.a(system_ch32v20x.c.obj)
 .debug_aranges
                0x000009e0       0x20 C:/Users/alanjo/.copilot/session-state/2abf14a3-cfdd-444d-921d-c37c47c45cd6/files/xpack-riscv/bin/../lib/gcc/riscv-none-elf/14.2.0\libgcc.a(_udivdi3.o)
 .debug_aranges
                0x00000a00       0x18 C:/Users/alanjo/.copilot/session-state/2abf14a3-cfdd-444d-921d-c37c47c45cd6/files/xpack-riscv/bin/../lib/gcc/riscv-none-elf/14.2.0\libgcc.a(_clz.o)

.debug_rnglists
                0x00000000     0x1543
 .debug_rnglists
                0x00000000       0x7d CMakeFiles/hid_boot_interface.dir/src/main.c.obj
 .debug_rnglists
                0x0000007d       0x4e CMakeFiles/hid_boot_interface.dir/src/usb_descriptors.c.obj
 .debug_rnglists
                0x000000cb      0x1c6 CMakeFiles/hid_boot_interface.dir/C_/Users/alanjo/.copilot/session-state/2abf14a3-cfdd-444d-921d-c37c47c45cd6/files/tinyusb/src/tusb.c.obj
 .debug_rnglists
                0x00000291      0x2f3 CMakeFiles/hid_boot_interface.dir/426ce5d780536d4965aafa7588038a93/files/tinyusb/src/common/tusb_fifo.c.obj
 .debug_rnglists
                0x00000584      0x544 CMakeFiles/hid_boot_interface.dir/d0f8aee16ceacc17965706d727f982c6/2abf14a3-cfdd-444d-921d-c37c47c45cd6/files/tinyusb/src/device/usbd.c.obj
 .debug_rnglists
                0x00000ac8      0x128 CMakeFiles/hid_boot_interface.dir/426ce5d780536d4965aafa7588038a93/files/tinyusb/src/class/hid/hid_device.c.obj
 .debug_rnglists
                0x00000bf0       0x89 CMakeFiles/hid_boot_interface.dir/426ce5d780536d4965aafa7588038a93/files/tinyusb/hw/bsp/ch32v20x/family.c.obj
 .debug_rnglists
                0x00000c79       0x37 CMakeFiles/hid_boot_interface.dir/C_/Users/alanjo/.copilot/session-state/2abf14a3-cfdd-444d-921d-c37c47c45cd6/files/tinyusb/hw/bsp/board.c.obj
 .debug_rnglists
                0x00000cb0      0x4e9 CMakeFiles/hid_boot_interface.dir/426ce5d780536d4965aafa7588038a93/files/tinyusb/src/portable/st/stm32_fsdev/dcd_stm32_fsdev.c.obj
 .debug_rnglists
                0x00001199       0x49 CMakeFiles/hid_boot_interface.dir/426ce5d780536d4965aafa7588038a93/files/tinyusb/src/portable/st/stm32_fsdev/fsdev_common.c.obj
 .debug_rnglists
                0x000011e2       0x20 CMakeFiles/hid_boot_interface.dir/18853f0d0dd114966c11209964a28e0f/tinyusb/hw/mcu/wch/ch32v20x/EVT/EXAM/SRC/Startup/startup_ch32v20x_D6.S.obj
 .debug_rnglists
                0x00001202       0x83 lib/libboard_qt_py_ch32v203g6u6.a(ch32v20x_gpio.c.obj)
 .debug_rnglists
                0x00001285       0xe0 lib/libboard_qt_py_ch32v203g6u6.a(ch32v20x_rcc.c.obj)
 .debug_rnglists
                0x00001365       0xb1 lib/libboard_qt_py_ch32v203g6u6.a(ch32v20x_usart.c.obj)
 .debug_rnglists
                0x00001416       0x1b lib/libboard_qt_py_ch32v203g6u6.a(system_ch32v20x.c.obj)
 .debug_rnglists
                0x00001431      0x112 C:/Users/alanjo/.copilot/session-state/2abf14a3-cfdd-444d-921d-c37c47c45cd6/files/xpack-riscv/bin/../lib/gcc/riscv-none-elf/14.2.0\libgcc.a(_udivdi3.o)

.debug_line     0x00000000    0x103b9
 .debug_line    0x00000000      0x638 CMakeFiles/hid_boot_interface.dir/src/main.c.obj
 .debug_line    0x00000638      0x40a CMakeFiles/hid_boot_interface.dir/src/usb_descriptors.c.obj
 .debug_line    0x00000a42     0x13b0 CMakeFiles/hid_boot_interface.dir/C_/Users/alanjo/.copilot/session-state/2abf14a3-cfdd-444d-921d-c37c47c45cd6/files/tinyusb/src/tusb.c.obj
 .debug_line    0x00001df2     0x1b0b CMakeFiles/hid_boot_interface.dir/426ce5d780536d4965aafa7588038a93/files/tinyusb/src/common/tusb_fifo.c.obj
 .debug_line    0x000038fd     0x3686 CMakeFiles/hid_boot_interface.dir/d0f8aee16ceacc17965706d727f982c6/2abf14a3-cfdd-444d-921d-c37c47c45cd6/files/tinyusb/src/device/usbd.c.obj
 .debug_line    0x00006f83     0x121e CMakeFiles/hid_boot_interface.dir/426ce5d780536d4965aafa7588038a93/files/tinyusb/src/class/hid/hid_device.c.obj
 .debug_line    0x000081a1      0x59c CMakeFiles/hid_boot_interface.dir/426ce5d780536d4965aafa7588038a93/files/tinyusb/hw/bsp/ch32v20x/family.c.obj
 .debug_line    0x0000873d      0x288 CMakeFiles/hid_boot_interface.dir/C_/Users/alanjo/.copilot/session-state/2abf14a3-cfdd-444d-921d-c37c47c45cd6/files/tinyusb/hw/bsp/board.c.obj
 .debug_line    0x000089c5     0x3636 CMakeFiles/hid_boot_interface.dir/426ce5d780536d4965aafa7588038a93/files/tinyusb/src/portable/st/stm32_fsdev/dcd_stm32_fsdev.c.obj
 .debug_line    0x0000bffb      0x36d CMakeFiles/hid_boot_interface.dir/426ce5d780536d4965aafa7588038a93/files/tinyusb/src/portable/st/stm32_fsdev/fsdev_common.c.obj
 .debug_line    0x0000c368      0x11a CMakeFiles/hid_boot_interface.dir/18853f0d0dd114966c11209964a28e0f/tinyusb/hw/mcu/wch/ch32v20x/EVT/EXAM/SRC/Startup/startup_ch32v20x_D6.S.obj
 .debug_line    0x0000c482     0x13a1 lib/libboard_qt_py_ch32v203g6u6.a(ch32v20x_gpio.c.obj)
 .debug_line    0x0000d823     0x100b lib/libboard_qt_py_ch32v203g6u6.a(ch32v20x_rcc.c.obj)
 .debug_line    0x0000e82e      0xcf3 lib/libboard_qt_py_ch32v203g6u6.a(ch32v20x_usart.c.obj)
 .debug_line    0x0000f521      0x416 lib/libboard_qt_py_ch32v203g6u6.a(system_ch32v20x.c.obj)
 .debug_line    0x0000f937      0xa43 C:/Users/alanjo/.copilot/session-state/2abf14a3-cfdd-444d-921d-c37c47c45cd6/files/xpack-riscv/bin/../lib/gcc/riscv-none-elf/14.2.0\libgcc.a(_udivdi3.o)
 .debug_line    0x0001037a       0x3f C:/Users/alanjo/.copilot/session-state/2abf14a3-cfdd-444d-921d-c37c47c45cd6/files/xpack-riscv/bin/../lib/gcc/riscv-none-elf/14.2.0\libgcc.a(_clz.o)

.debug_str      0x00000000     0x8237
 .debug_str     0x00000000     0x8237 CMakeFiles/hid_boot_interface.dir/src/main.c.obj
                                0x5f8 (size before relaxing)
 .debug_str     0x00008237     0x48d9 CMakeFiles/hid_boot_interface.dir/src/usb_descriptors.c.obj
 .debug_str     0x00008237      0xb1c CMakeFiles/hid_boot_interface.dir/C_/Users/alanjo/.copilot/session-state/2abf14a3-cfdd-444d-921d-c37c47c45cd6/files/tinyusb/src/tusb.c.obj
 .debug_str     0x00008237      0x59a CMakeFiles/hid_boot_interface.dir/426ce5d780536d4965aafa7588038a93/files/tinyusb/src/common/tusb_fifo.c.obj
 .debug_str     0x00008237     0x18fd CMakeFiles/hid_boot_interface.dir/d0f8aee16ceacc17965706d727f982c6/2abf14a3-cfdd-444d-921d-c37c47c45cd6/files/tinyusb/src/device/usbd.c.obj
 .debug_str     0x00008237      0xf53 CMakeFiles/hid_boot_interface.dir/426ce5d780536d4965aafa7588038a93/files/tinyusb/src/class/hid/hid_device.c.obj
 .debug_str     0x00008237      0xa1c CMakeFiles/hid_boot_interface.dir/426ce5d780536d4965aafa7588038a93/files/tinyusb/hw/bsp/ch32v20x/family.c.obj
 .debug_str     0x00008237      0x22b CMakeFiles/hid_boot_interface.dir/C_/Users/alanjo/.copilot/session-state/2abf14a3-cfdd-444d-921d-c37c47c45cd6/files/tinyusb/hw/bsp/board.c.obj
 .debug_str     0x00008237     0x12d3 CMakeFiles/hid_boot_interface.dir/426ce5d780536d4965aafa7588038a93/files/tinyusb/src/portable/st/stm32_fsdev/dcd_stm32_fsdev.c.obj
 .debug_str     0x00008237      0x580 CMakeFiles/hid_boot_interface.dir/426ce5d780536d4965aafa7588038a93/files/tinyusb/src/portable/st/stm32_fsdev/fsdev_common.c.obj
 .debug_str     0x00008237       0xab CMakeFiles/hid_boot_interface.dir/18853f0d0dd114966c11209964a28e0f/tinyusb/hw/mcu/wch/ch32v20x/EVT/EXAM/SRC/Startup/startup_ch32v20x_D6.S.obj
 .debug_str     0x00008237      0x53e lib/libboard_qt_py_ch32v203g6u6.a(ch32v20x_gpio.c.obj)
 .debug_str     0x00008237      0x651 lib/libboard_qt_py_ch32v203g6u6.a(ch32v20x_rcc.c.obj)
 .debug_str     0x00008237      0x689 lib/libboard_qt_py_ch32v203g6u6.a(ch32v20x_usart.c.obj)
 .debug_str     0x00008237      0x239 lib/libboard_qt_py_ch32v203g6u6.a(system_ch32v20x.c.obj)
 .debug_str     0x00008237      0x285 C:/Users/alanjo/.copilot/session-state/2abf14a3-cfdd-444d-921d-c37c47c45cd6/files/xpack-riscv/bin/../lib/gcc/riscv-none-elf/14.2.0\libgcc.a(_udivdi3.o)
 .debug_str     0x00008237      0x1d2 C:/Users/alanjo/.copilot/session-state/2abf14a3-cfdd-444d-921d-c37c47c45cd6/files/xpack-riscv/bin/../lib/gcc/riscv-none-elf/14.2.0\libgcc.a(_clz.o)

.debug_line_str
                0x00000000      0xf4c
 .debug_line_str
                0x00000000      0xf4c CMakeFiles/hid_boot_interface.dir/src/main.c.obj
                                0x545 (size before relaxing)
 .debug_line_str
                0x00000f4c      0x590 CMakeFiles/hid_boot_interface.dir/src/usb_descriptors.c.obj
 .debug_line_str
                0x00000f4c      0x435 CMakeFiles/hid_boot_interface.dir/C_/Users/alanjo/.copilot/session-state/2abf14a3-cfdd-444d-921d-c37c47c45cd6/files/tinyusb/src/tusb.c.obj
 .debug_line_str
                0x00000f4c      0x374 CMakeFiles/hid_boot_interface.dir/426ce5d780536d4965aafa7588038a93/files/tinyusb/src/common/tusb_fifo.c.obj
 .debug_line_str
                0x00000f4c      0x576 CMakeFiles/hid_boot_interface.dir/d0f8aee16ceacc17965706d727f982c6/2abf14a3-cfdd-444d-921d-c37c47c45cd6/files/tinyusb/src/device/usbd.c.obj
 .debug_line_str
                0x00000f4c      0x4fa CMakeFiles/hid_boot_interface.dir/426ce5d780536d4965aafa7588038a93/files/tinyusb/src/class/hid/hid_device.c.obj
 .debug_line_str
                0x00000f4c      0x470 CMakeFiles/hid_boot_interface.dir/426ce5d780536d4965aafa7588038a93/files/tinyusb/hw/bsp/ch32v20x/family.c.obj
 .debug_line_str
                0x00000f4c      0x356 CMakeFiles/hid_boot_interface.dir/C_/Users/alanjo/.copilot/session-state/2abf14a3-cfdd-444d-921d-c37c47c45cd6/files/tinyusb/hw/bsp/board.c.obj
 .debug_line_str
                0x00000f4c      0x470 CMakeFiles/hid_boot_interface.dir/426ce5d780536d4965aafa7588038a93/files/tinyusb/src/portable/st/stm32_fsdev/dcd_stm32_fsdev.c.obj
 .debug_line_str
                0x00000f4c      0x3bb CMakeFiles/hid_boot_interface.dir/426ce5d780536d4965aafa7588038a93/files/tinyusb/src/portable/st/stm32_fsdev/fsdev_common.c.obj
 .debug_line_str
                0x00000f4c       0x9d CMakeFiles/hid_boot_interface.dir/18853f0d0dd114966c11209964a28e0f/tinyusb/hw/mcu/wch/ch32v20x/EVT/EXAM/SRC/Startup/startup_ch32v20x_D6.S.obj
 .debug_line_str
                0x00000f4c      0x2d4 lib/libboard_qt_py_ch32v203g6u6.a(ch32v20x_gpio.c.obj)
 .debug_line_str
                0x00000f4c      0x2c1 lib/libboard_qt_py_ch32v203g6u6.a(ch32v20x_rcc.c.obj)
 .debug_line_str
                0x00000f4c      0x2d8 lib/libboard_qt_py_ch32v203g6u6.a(ch32v20x_usart.c.obj)
 .debug_line_str
                0x00000f4c      0x357 lib/libboard_qt_py_ch32v203g6u6.a(system_ch32v20x.c.obj)
 .debug_line_str
                0x00000f4c      0x24c C:/Users/alanjo/.copilot/session-state/2abf14a3-cfdd-444d-921d-c37c47c45cd6/files/xpack-riscv/bin/../lib/gcc/riscv-none-elf/14.2.0\libgcc.a(_udivdi3.o)
 .debug_line_str
                0x00000f4c      0x24c C:/Users/alanjo/.copilot/session-state/2abf14a3-cfdd-444d-921d-c37c47c45cd6/files/xpack-riscv/bin/../lib/gcc/riscv-none-elf/14.2.0\libgcc.a(_clz.o)

.comment        0x00000000       0x33
 .comment       0x00000000       0x33 CMakeFiles/hid_boot_interface.dir/src/main.c.obj
                                 0x34 (size before relaxing)
 .comment       0x00000033       0x34 CMakeFiles/hid_boot_interface.dir/src/usb_descriptors.c.obj
 .comment       0x00000033       0x34 CMakeFiles/hid_boot_interface.dir/C_/Users/alanjo/.copilot/session-state/2abf14a3-cfdd-444d-921d-c37c47c45cd6/files/tinyusb/src/tusb.c.obj
 .comment       0x00000033       0x34 CMakeFiles/hid_boot_interface.dir/426ce5d780536d4965aafa7588038a93/files/tinyusb/src/common/tusb_fifo.c.obj
 .comment       0x00000033       0x34 CMakeFiles/hid_boot_interface.dir/d0f8aee16ceacc17965706d727f982c6/2abf14a3-cfdd-444d-921d-c37c47c45cd6/files/tinyusb/src/device/usbd.c.obj
 .comment       0x00000033       0x34 CMakeFiles/hid_boot_interface.dir/426ce5d780536d4965aafa7588038a93/files/tinyusb/src/class/hid/hid_device.c.obj
 .comment       0x00000033       0x34 CMakeFiles/hid_boot_interface.dir/426ce5d780536d4965aafa7588038a93/files/tinyusb/hw/bsp/ch32v20x/family.c.obj
 .comment       0x00000033       0x34 CMakeFiles/hid_boot_interface.dir/C_/Users/alanjo/.copilot/session-state/2abf14a3-cfdd-444d-921d-c37c47c45cd6/files/tinyusb/hw/bsp/board.c.obj
 .comment       0x00000033       0x34 CMakeFiles/hid_boot_interface.dir/426ce5d780536d4965aafa7588038a93/files/tinyusb/src/portable/st/stm32_fsdev/dcd_stm32_fsdev.c.obj
 .comment       0x00000033       0x34 CMakeFiles/hid_boot_interface.dir/426ce5d780536d4965aafa7588038a93/files/tinyusb/src/portable/st/stm32_fsdev/fsdev_common.c.obj
 .comment       0x00000033       0x34 lib/libboard_qt_py_ch32v203g6u6.a(ch32v20x_gpio.c.obj)
 .comment       0x00000033       0x34 lib/libboard_qt_py_ch32v203g6u6.a(ch32v20x_rcc.c.obj)
 .comment       0x00000033       0x34 lib/libboard_qt_py_ch32v203g6u6.a(ch32v20x_usart.c.obj)
 .comment       0x00000033       0x34 lib/libboard_qt_py_ch32v203g6u6.a(system_ch32v20x.c.obj)
 .comment       0x00000033       0x34 C:/Users/alanjo/.copilot/session-state/2abf14a3-cfdd-444d-921d-c37c47c45cd6/files/xpack-riscv/bin/../lib/gcc/riscv-none-elf/14.2.0\libgcc.a(_udivdi3.o)
 .comment       0x00000033       0x34 C:/Users/alanjo/.copilot/session-state/2abf14a3-cfdd-444d-921d-c37c47c45cd6/files/xpack-riscv/bin/../lib/gcc/riscv-none-elf/14.2.0\libgcc.a(_clz.o)
 .comment       0x00000033       0x34 C:/Users/alanjo/.copilot/session-state/2abf14a3-cfdd-444d-921d-c37c47c45cd6/files/xpack-riscv/bin/../lib/gcc/riscv-none-elf/14.2.0/../../../../riscv-none-elf/lib\libg_nano.a(libc_a-strlen.o)

.note.GNU-stack
                0x00000000        0x0
 .note.GNU-stack
                0x00000000        0x0 CMakeFiles/hid_boot_interface.dir/src/main.c.obj
 .note.GNU-stack
                0x00000000        0x0 CMakeFiles/hid_boot_interface.dir/src/usb_descriptors.c.obj
 .note.GNU-stack
                0x00000000        0x0 CMakeFiles/hid_boot_interface.dir/C_/Users/alanjo/.copilot/session-state/2abf14a3-cfdd-444d-921d-c37c47c45cd6/files/tinyusb/src/tusb.c.obj
 .note.GNU-stack
                0x00000000        0x0 CMakeFiles/hid_boot_interface.dir/426ce5d780536d4965aafa7588038a93/files/tinyusb/src/common/tusb_fifo.c.obj
 .note.GNU-stack
                0x00000000        0x0 CMakeFiles/hid_boot_interface.dir/d0f8aee16ceacc17965706d727f982c6/2abf14a3-cfdd-444d-921d-c37c47c45cd6/files/tinyusb/src/device/usbd.c.obj
 .note.GNU-stack
                0x00000000        0x0 CMakeFiles/hid_boot_interface.dir/426ce5d780536d4965aafa7588038a93/files/tinyusb/src/class/hid/hid_device.c.obj
 .note.GNU-stack
                0x00000000        0x0 CMakeFiles/hid_boot_interface.dir/426ce5d780536d4965aafa7588038a93/files/tinyusb/hw/bsp/ch32v20x/family.c.obj
 .note.GNU-stack
                0x00000000        0x0 CMakeFiles/hid_boot_interface.dir/C_/Users/alanjo/.copilot/session-state/2abf14a3-cfdd-444d-921d-c37c47c45cd6/files/tinyusb/hw/bsp/board.c.obj
 .note.GNU-stack
                0x00000000        0x0 CMakeFiles/hid_boot_interface.dir/426ce5d780536d4965aafa7588038a93/files/tinyusb/src/portable/st/stm32_fsdev/dcd_stm32_fsdev.c.obj
 .note.GNU-stack
                0x00000000        0x0 CMakeFiles/hid_boot_interface.dir/426ce5d780536d4965aafa7588038a93/files/tinyusb/src/portable/st/stm32_fsdev/fsdev_common.c.obj
 .note.GNU-stack
                0x00000000        0x0 lib/libboard_qt_py_ch32v203g6u6.a(ch32v20x_gpio.c.obj)
 .note.GNU-stack
                0x00000000        0x0 lib/libboard_qt_py_ch32v203g6u6.a(ch32v20x_rcc.c.obj)
 .note.GNU-stack
                0x00000000        0x0 lib/libboard_qt_py_ch32v203g6u6.a(ch32v20x_usart.c.obj)
 .note.GNU-stack
                0x00000000        0x0 lib/libboard_qt_py_ch32v203g6u6.a(system_ch32v20x.c.obj)
 .note.GNU-stack
                0x00000000        0x0 C:/Users/alanjo/.copilot/session-state/2abf14a3-cfdd-444d-921d-c37c47c45cd6/files/xpack-riscv/bin/../lib/gcc/riscv-none-elf/14.2.0\libgcc.a(_udivdi3.o)
 .note.GNU-stack
                0x00000000        0x0 C:/Users/alanjo/.copilot/session-state/2abf14a3-cfdd-444d-921d-c37c47c45cd6/files/xpack-riscv/bin/../lib/gcc/riscv-none-elf/14.2.0\libgcc.a(_clz.o)
 .note.GNU-stack
                0x00000000        0x0 C:/Users/alanjo/.copilot/session-state/2abf14a3-cfdd-444d-921d-c37c47c45cd6/files/xpack-riscv/bin/../lib/gcc/riscv-none-elf/14.2.0/../../../../riscv-none-elf/lib\libg_nano.a(libc_a-strlen.o)

.riscv.attributes
                0x00000000       0x60
 .riscv.attributes
                0x00000000       0x5c CMakeFiles/hid_boot_interface.dir/src/main.c.obj
 .riscv.attributes
                0x0000005c       0x5c CMakeFiles/hid_boot_interface.dir/src/usb_descriptors.c.obj
 .riscv.attributes
                0x000000b8       0x5c CMakeFiles/hid_boot_interface.dir/C_/Users/alanjo/.copilot/session-state/2abf14a3-cfdd-444d-921d-c37c47c45cd6/files/tinyusb/src/tusb.c.obj
 .riscv.attributes
                0x00000114       0x5c CMakeFiles/hid_boot_interface.dir/426ce5d780536d4965aafa7588038a93/files/tinyusb/src/common/tusb_fifo.c.obj
 .riscv.attributes
                0x00000170       0x5c CMakeFiles/hid_boot_interface.dir/d0f8aee16ceacc17965706d727f982c6/2abf14a3-cfdd-444d-921d-c37c47c45cd6/files/tinyusb/src/device/usbd.c.obj
 .riscv.attributes
                0x000001cc       0x5c CMakeFiles/hid_boot_interface.dir/426ce5d780536d4965aafa7588038a93/files/tinyusb/src/class/hid/hid_device.c.obj
 .riscv.attributes
                0x00000228       0x60 CMakeFiles/hid_boot_interface.dir/426ce5d780536d4965aafa7588038a93/files/tinyusb/hw/bsp/ch32v20x/family.c.obj
 .riscv.attributes
                0x00000288       0x5c CMakeFiles/hid_boot_interface.dir/C_/Users/alanjo/.copilot/session-state/2abf14a3-cfdd-444d-921d-c37c47c45cd6/files/tinyusb/hw/bsp/board.c.obj
 .riscv.attributes
                0x000002e4       0x5c CMakeFiles/hid_boot_interface.dir/426ce5d780536d4965aafa7588038a93/files/tinyusb/src/portable/st/stm32_fsdev/dcd_stm32_fsdev.c.obj
 .riscv.attributes
                0x00000340       0x5c CMakeFiles/hid_boot_interface.dir/426ce5d780536d4965aafa7588038a93/files/tinyusb/src/portable/st/stm32_fsdev/fsdev_common.c.obj
 .riscv.attributes
                0x0000039c       0x5e CMakeFiles/hid_boot_interface.dir/18853f0d0dd114966c11209964a28e0f/tinyusb/hw/mcu/wch/ch32v20x/EVT/EXAM/SRC/Startup/startup_ch32v20x_D6.S.obj
 .riscv.attributes
                0x000003fa       0x5c lib/libboard_qt_py_ch32v203g6u6.a(ch32v20x_gpio.c.obj)
 .riscv.attributes
                0x00000456       0x5c lib/libboard_qt_py_ch32v203g6u6.a(ch32v20x_rcc.c.obj)
 .riscv.attributes
                0x000004b2       0x5c lib/libboard_qt_py_ch32v203g6u6.a(ch32v20x_usart.c.obj)
 .riscv.attributes
                0x0000050e       0x5c lib/libboard_qt_py_ch32v203g6u6.a(system_ch32v20x.c.obj)
 .riscv.attributes
                0x0000056a       0x47 C:/Users/alanjo/.copilot/session-state/2abf14a3-cfdd-444d-921d-c37c47c45cd6/files/xpack-riscv/bin/../lib/gcc/riscv-none-elf/14.2.0\libgcc.a(_udivdi3.o)
 .riscv.attributes
                0x000005b1       0x47 C:/Users/alanjo/.copilot/session-state/2abf14a3-cfdd-444d-921d-c37c47c45cd6/files/xpack-riscv/bin/../lib/gcc/riscv-none-elf/14.2.0\libgcc.a(_clz.o)
 .riscv.attributes
                0x000005f8       0x45 C:/Users/alanjo/.copilot/session-state/2abf14a3-cfdd-444d-921d-c37c47c45cd6/files/xpack-riscv/bin/../lib/gcc/riscv-none-elf/14.2.0/../../../../riscv-none-elf/lib\libg_nano.a(libc_a-memset.o)
 .riscv.attributes
                0x0000063d       0x45 C:/Users/alanjo/.copilot/session-state/2abf14a3-cfdd-444d-921d-c37c47c45cd6/files/xpack-riscv/bin/../lib/gcc/riscv-none-elf/14.2.0/../../../../riscv-none-elf/lib\libg_nano.a(libc_a-memcpy-asm.o)
 .riscv.attributes
                0x00000682       0x47 C:/Users/alanjo/.copilot/session-state/2abf14a3-cfdd-444d-921d-c37c47c45cd6/files/xpack-riscv/bin/../lib/gcc/riscv-none-elf/14.2.0/../../../../riscv-none-elf/lib\libg_nano.a(libc_a-strlen.o)

.debug_frame    0x00000000     0x1a4c
 .debug_frame   0x00000000      0x114 CMakeFiles/hid_boot_interface.dir/src/main.c.obj
 .debug_frame   0x00000114       0x8c CMakeFiles/hid_boot_interface.dir/src/usb_descriptors.c.obj
 .debug_frame   0x000001a0      0x23c CMakeFiles/hid_boot_interface.dir/C_/Users/alanjo/.copilot/session-state/2abf14a3-cfdd-444d-921d-c37c47c45cd6/files/tinyusb/src/tusb.c.obj
 .debug_frame   0x000003dc      0x248 CMakeFiles/hid_boot_interface.dir/426ce5d780536d4965aafa7588038a93/files/tinyusb/src/common/tusb_fifo.c.obj
 .debug_frame   0x00000624      0x5c4 CMakeFiles/hid_boot_interface.dir/d0f8aee16ceacc17965706d727f982c6/2abf14a3-cfdd-444d-921d-c37c47c45cd6/files/tinyusb/src/device/usbd.c.obj
 .debug_frame   0x00000be8      0x24c CMakeFiles/hid_boot_interface.dir/426ce5d780536d4965aafa7588038a93/files/tinyusb/src/class/hid/hid_device.c.obj
 .debug_frame   0x00000e34      0x224 CMakeFiles/hid_boot_interface.dir/426ce5d780536d4965aafa7588038a93/files/tinyusb/hw/bsp/ch32v20x/family.c.obj
 .debug_frame   0x00001058       0xc4 CMakeFiles/hid_boot_interface.dir/C_/Users/alanjo/.copilot/session-state/2abf14a3-cfdd-444d-921d-c37c47c45cd6/files/tinyusb/hw/bsp/board.c.obj
 .debug_frame   0x0000111c      0x2cc CMakeFiles/hid_boot_interface.dir/426ce5d780536d4965aafa7588038a93/files/tinyusb/src/portable/st/stm32_fsdev/dcd_stm32_fsdev.c.obj
 .debug_frame   0x000013e8       0x7c CMakeFiles/hid_boot_interface.dir/426ce5d780536d4965aafa7588038a93/files/tinyusb/src/portable/st/stm32_fsdev/fsdev_common.c.obj
 .debug_frame   0x00001464      0x174 lib/libboard_qt_py_ch32v203g6u6.a(ch32v20x_gpio.c.obj)
 .debug_frame   0x000015d8      0x250 lib/libboard_qt_py_ch32v203g6u6.a(ch32v20x_rcc.c.obj)
 .debug_frame   0x00001828      0x1f4 lib/libboard_qt_py_ch32v203g6u6.a(ch32v20x_usart.c.obj)
 .debug_frame   0x00001a1c       0x30 lib/libboard_qt_py_ch32v203g6u6.a(system_ch32v20x.c.obj)

Cross Reference Table

Symbol                                            File
ADC1_2_IRQHandler                                 CMakeFiles/hid_boot_interface.dir/18853f0d0dd114966c11209964a28e0f/tinyusb/hw/mcu/wch/ch32v20x/EVT/EXAM/SRC/Startup/startup_ch32v20x_D6.S.obj
AHBPrescTable                                     lib/libboard_qt_py_ch32v203g6u6.a(system_ch32v20x.c.obj)
Break_Point_Handler                               CMakeFiles/hid_boot_interface.dir/18853f0d0dd114966c11209964a28e0f/tinyusb/hw/mcu/wch/ch32v20x/EVT/EXAM/SRC/Startup/startup_ch32v20x_D6.S.obj
CAN1_RX1_IRQHandler                               CMakeFiles/hid_boot_interface.dir/18853f0d0dd114966c11209964a28e0f/tinyusb/hw/mcu/wch/ch32v20x/EVT/EXAM/SRC/Startup/startup_ch32v20x_D6.S.obj
CAN1_SCE_IRQHandler                               CMakeFiles/hid_boot_interface.dir/18853f0d0dd114966c11209964a28e0f/tinyusb/hw/mcu/wch/ch32v20x/EVT/EXAM/SRC/Startup/startup_ch32v20x_D6.S.obj
DMA1_Channel1_IRQHandler                          CMakeFiles/hid_boot_interface.dir/18853f0d0dd114966c11209964a28e0f/tinyusb/hw/mcu/wch/ch32v20x/EVT/EXAM/SRC/Startup/startup_ch32v20x_D6.S.obj
DMA1_Channel2_IRQHandler                          CMakeFiles/hid_boot_interface.dir/18853f0d0dd114966c11209964a28e0f/tinyusb/hw/mcu/wch/ch32v20x/EVT/EXAM/SRC/Startup/startup_ch32v20x_D6.S.obj
DMA1_Channel3_IRQHandler                          CMakeFiles/hid_boot_interface.dir/18853f0d0dd114966c11209964a28e0f/tinyusb/hw/mcu/wch/ch32v20x/EVT/EXAM/SRC/Startup/startup_ch32v20x_D6.S.obj
DMA1_Channel4_IRQHandler                          CMakeFiles/hid_boot_interface.dir/18853f0d0dd114966c11209964a28e0f/tinyusb/hw/mcu/wch/ch32v20x/EVT/EXAM/SRC/Startup/startup_ch32v20x_D6.S.obj
DMA1_Channel5_IRQHandler                          CMakeFiles/hid_boot_interface.dir/18853f0d0dd114966c11209964a28e0f/tinyusb/hw/mcu/wch/ch32v20x/EVT/EXAM/SRC/Startup/startup_ch32v20x_D6.S.obj
DMA1_Channel6_IRQHandler                          CMakeFiles/hid_boot_interface.dir/18853f0d0dd114966c11209964a28e0f/tinyusb/hw/mcu/wch/ch32v20x/EVT/EXAM/SRC/Startup/startup_ch32v20x_D6.S.obj
DMA1_Channel7_IRQHandler                          CMakeFiles/hid_boot_interface.dir/18853f0d0dd114966c11209964a28e0f/tinyusb/hw/mcu/wch/ch32v20x/EVT/EXAM/SRC/Startup/startup_ch32v20x_D6.S.obj
DMA1_Channel8_IRQHandler                          CMakeFiles/hid_boot_interface.dir/18853f0d0dd114966c11209964a28e0f/tinyusb/hw/mcu/wch/ch32v20x/EVT/EXAM/SRC/Startup/startup_ch32v20x_D6.S.obj
EXTI0_IRQHandler                                  CMakeFiles/hid_boot_interface.dir/18853f0d0dd114966c11209964a28e0f/tinyusb/hw/mcu/wch/ch32v20x/EVT/EXAM/SRC/Startup/startup_ch32v20x_D6.S.obj
EXTI15_10_IRQHandler                              CMakeFiles/hid_boot_interface.dir/18853f0d0dd114966c11209964a28e0f/tinyusb/hw/mcu/wch/ch32v20x/EVT/EXAM/SRC/Startup/startup_ch32v20x_D6.S.obj
EXTI1_IRQHandler                                  CMakeFiles/hid_boot_interface.dir/18853f0d0dd114966c11209964a28e0f/tinyusb/hw/mcu/wch/ch32v20x/EVT/EXAM/SRC/Startup/startup_ch32v20x_D6.S.obj
EXTI2_IRQHandler                                  CMakeFiles/hid_boot_interface.dir/18853f0d0dd114966c11209964a28e0f/tinyusb/hw/mcu/wch/ch32v20x/EVT/EXAM/SRC/Startup/startup_ch32v20x_D6.S.obj
EXTI3_IRQHandler                                  CMakeFiles/hid_boot_interface.dir/18853f0d0dd114966c11209964a28e0f/tinyusb/hw/mcu/wch/ch32v20x/EVT/EXAM/SRC/Startup/startup_ch32v20x_D6.S.obj
EXTI4_IRQHandler                                  CMakeFiles/hid_boot_interface.dir/18853f0d0dd114966c11209964a28e0f/tinyusb/hw/mcu/wch/ch32v20x/EVT/EXAM/SRC/Startup/startup_ch32v20x_D6.S.obj
EXTI9_5_IRQHandler                                CMakeFiles/hid_boot_interface.dir/18853f0d0dd114966c11209964a28e0f/tinyusb/hw/mcu/wch/ch32v20x/EVT/EXAM/SRC/Startup/startup_ch32v20x_D6.S.obj
Ecall_M_Mode_Handler                              CMakeFiles/hid_boot_interface.dir/18853f0d0dd114966c11209964a28e0f/tinyusb/hw/mcu/wch/ch32v20x/EVT/EXAM/SRC/Startup/startup_ch32v20x_D6.S.obj
Ecall_U_Mode_Handler                              CMakeFiles/hid_boot_interface.dir/18853f0d0dd114966c11209964a28e0f/tinyusb/hw/mcu/wch/ch32v20x/EVT/EXAM/SRC/Startup/startup_ch32v20x_D6.S.obj
FLASH_IRQHandler                                  CMakeFiles/hid_boot_interface.dir/18853f0d0dd114966c11209964a28e0f/tinyusb/hw/mcu/wch/ch32v20x/EVT/EXAM/SRC/Startup/startup_ch32v20x_D6.S.obj
GPIO_AFIODeInit                                   lib/libboard_qt_py_ch32v203g6u6.a(ch32v20x_gpio.c.obj)
GPIO_DeInit                                       lib/libboard_qt_py_ch32v203g6u6.a(ch32v20x_gpio.c.obj)
GPIO_ETH_MediaInterfaceConfig                     lib/libboard_qt_py_ch32v203g6u6.a(ch32v20x_gpio.c.obj)
GPIO_EXTILineConfig                               lib/libboard_qt_py_ch32v203g6u6.a(ch32v20x_gpio.c.obj)
GPIO_EventOutputCmd                               lib/libboard_qt_py_ch32v203g6u6.a(ch32v20x_gpio.c.obj)
GPIO_EventOutputConfig                            lib/libboard_qt_py_ch32v203g6u6.a(ch32v20x_gpio.c.obj)
GPIO_IPD_Unused                                   lib/libboard_qt_py_ch32v203g6u6.a(ch32v20x_gpio.c.obj)
GPIO_Init                                         lib/libboard_qt_py_ch32v203g6u6.a(ch32v20x_gpio.c.obj)
                                                  CMakeFiles/hid_boot_interface.dir/426ce5d780536d4965aafa7588038a93/files/tinyusb/hw/bsp/ch32v20x/family.c.obj
GPIO_PinLockConfig                                lib/libboard_qt_py_ch32v203g6u6.a(ch32v20x_gpio.c.obj)
GPIO_PinRemapConfig                               lib/libboard_qt_py_ch32v203g6u6.a(ch32v20x_gpio.c.obj)
GPIO_ReadInputData                                lib/libboard_qt_py_ch32v203g6u6.a(ch32v20x_gpio.c.obj)
GPIO_ReadInputDataBit                             lib/libboard_qt_py_ch32v203g6u6.a(ch32v20x_gpio.c.obj)
GPIO_ReadOutputData                               lib/libboard_qt_py_ch32v203g6u6.a(ch32v20x_gpio.c.obj)
GPIO_ReadOutputDataBit                            lib/libboard_qt_py_ch32v203g6u6.a(ch32v20x_gpio.c.obj)
GPIO_ResetBits                                    lib/libboard_qt_py_ch32v203g6u6.a(ch32v20x_gpio.c.obj)
GPIO_SetBits                                      lib/libboard_qt_py_ch32v203g6u6.a(ch32v20x_gpio.c.obj)
GPIO_StructInit                                   lib/libboard_qt_py_ch32v203g6u6.a(ch32v20x_gpio.c.obj)
GPIO_Write                                        lib/libboard_qt_py_ch32v203g6u6.a(ch32v20x_gpio.c.obj)
GPIO_WriteBit                                     lib/libboard_qt_py_ch32v203g6u6.a(ch32v20x_gpio.c.obj)
                                                  CMakeFiles/hid_boot_interface.dir/426ce5d780536d4965aafa7588038a93/files/tinyusb/hw/bsp/ch32v20x/family.c.obj
HardFault_Handler                                 CMakeFiles/hid_boot_interface.dir/18853f0d0dd114966c11209964a28e0f/tinyusb/hw/mcu/wch/ch32v20x/EVT/EXAM/SRC/Startup/startup_ch32v20x_D6.S.obj
I2C1_ER_IRQHandler                                CMakeFiles/hid_boot_interface.dir/18853f0d0dd114966c11209964a28e0f/tinyusb/hw/mcu/wch/ch32v20x/EVT/EXAM/SRC/Startup/startup_ch32v20x_D6.S.obj
I2C1_EV_IRQHandler                                CMakeFiles/hid_boot_interface.dir/18853f0d0dd114966c11209964a28e0f/tinyusb/hw/mcu/wch/ch32v20x/EVT/EXAM/SRC/Startup/startup_ch32v20x_D6.S.obj
I2C2_ER_IRQHandler                                CMakeFiles/hid_boot_interface.dir/18853f0d0dd114966c11209964a28e0f/tinyusb/hw/mcu/wch/ch32v20x/EVT/EXAM/SRC/Startup/startup_ch32v20x_D6.S.obj
I2C2_EV_IRQHandler                                CMakeFiles/hid_boot_interface.dir/18853f0d0dd114966c11209964a28e0f/tinyusb/hw/mcu/wch/ch32v20x/EVT/EXAM/SRC/Startup/startup_ch32v20x_D6.S.obj
MCU_Version                                       lib/libboard_qt_py_ch32v203g6u6.a(ch32v20x_gpio.c.obj)
NMI_Handler                                       CMakeFiles/hid_boot_interface.dir/18853f0d0dd114966c11209964a28e0f/tinyusb/hw/mcu/wch/ch32v20x/EVT/EXAM/SRC/Startup/startup_ch32v20x_D6.S.obj
PVD_IRQHandler                                    CMakeFiles/hid_boot_interface.dir/18853f0d0dd114966c11209964a28e0f/tinyusb/hw/mcu/wch/ch32v20x/EVT/EXAM/SRC/Startup/startup_ch32v20x_D6.S.obj
RCC_ADCCLKADJcmd                                  lib/libboard_qt_py_ch32v203g6u6.a(ch32v20x_rcc.c.obj)
RCC_ADCCLKConfig                                  lib/libboard_qt_py_ch32v203g6u6.a(ch32v20x_rcc.c.obj)
RCC_AHBPeriphClockCmd                             lib/libboard_qt_py_ch32v203g6u6.a(ch32v20x_rcc.c.obj)
                                                  CMakeFiles/hid_boot_interface.dir/426ce5d780536d4965aafa7588038a93/files/tinyusb/hw/bsp/ch32v20x/family.c.obj
RCC_APB1PeriphClockCmd                            lib/libboard_qt_py_ch32v203g6u6.a(ch32v20x_rcc.c.obj)
                                                  CMakeFiles/hid_boot_interface.dir/426ce5d780536d4965aafa7588038a93/files/tinyusb/hw/bsp/ch32v20x/family.c.obj
RCC_APB1PeriphResetCmd                            lib/libboard_qt_py_ch32v203g6u6.a(ch32v20x_rcc.c.obj)
                                                  lib/libboard_qt_py_ch32v203g6u6.a(ch32v20x_usart.c.obj)
RCC_APB2PeriphClockCmd                            lib/libboard_qt_py_ch32v203g6u6.a(ch32v20x_rcc.c.obj)
                                                  lib/libboard_qt_py_ch32v203g6u6.a(ch32v20x_gpio.c.obj)
                                                  CMakeFiles/hid_boot_interface.dir/426ce5d780536d4965aafa7588038a93/files/tinyusb/hw/bsp/ch32v20x/family.c.obj
RCC_APB2PeriphResetCmd                            lib/libboard_qt_py_ch32v203g6u6.a(ch32v20x_rcc.c.obj)
                                                  lib/libboard_qt_py_ch32v203g6u6.a(ch32v20x_usart.c.obj)
                                                  lib/libboard_qt_py_ch32v203g6u6.a(ch32v20x_gpio.c.obj)
RCC_AdjustHSICalibrationValue                     lib/libboard_qt_py_ch32v203g6u6.a(ch32v20x_rcc.c.obj)
RCC_BackupResetCmd                                lib/libboard_qt_py_ch32v203g6u6.a(ch32v20x_rcc.c.obj)
RCC_ClearFlag                                     lib/libboard_qt_py_ch32v203g6u6.a(ch32v20x_rcc.c.obj)
RCC_ClearITPendingBit                             lib/libboard_qt_py_ch32v203g6u6.a(ch32v20x_rcc.c.obj)
RCC_ClockSecuritySystemCmd                        lib/libboard_qt_py_ch32v203g6u6.a(ch32v20x_rcc.c.obj)
RCC_DeInit                                        lib/libboard_qt_py_ch32v203g6u6.a(ch32v20x_rcc.c.obj)
RCC_ETHDIVConfig                                  lib/libboard_qt_py_ch32v203g6u6.a(ch32v20x_rcc.c.obj)
RCC_GetClocksFreq                                 lib/libboard_qt_py_ch32v203g6u6.a(ch32v20x_rcc.c.obj)
                                                  lib/libboard_qt_py_ch32v203g6u6.a(ch32v20x_usart.c.obj)
RCC_GetFlagStatus                                 lib/libboard_qt_py_ch32v203g6u6.a(ch32v20x_rcc.c.obj)
RCC_GetITStatus                                   lib/libboard_qt_py_ch32v203g6u6.a(ch32v20x_rcc.c.obj)
RCC_GetSYSCLKSource                               lib/libboard_qt_py_ch32v203g6u6.a(ch32v20x_rcc.c.obj)
RCC_HCLKConfig                                    lib/libboard_qt_py_ch32v203g6u6.a(ch32v20x_rcc.c.obj)
RCC_HSEConfig                                     lib/libboard_qt_py_ch32v203g6u6.a(ch32v20x_rcc.c.obj)
RCC_HSICmd                                        lib/libboard_qt_py_ch32v203g6u6.a(ch32v20x_rcc.c.obj)
RCC_IRQHandler                                    CMakeFiles/hid_boot_interface.dir/18853f0d0dd114966c11209964a28e0f/tinyusb/hw/mcu/wch/ch32v20x/EVT/EXAM/SRC/Startup/startup_ch32v20x_D6.S.obj
RCC_ITConfig                                      lib/libboard_qt_py_ch32v203g6u6.a(ch32v20x_rcc.c.obj)
RCC_LSEConfig                                     lib/libboard_qt_py_ch32v203g6u6.a(ch32v20x_rcc.c.obj)
RCC_LSICmd                                        lib/libboard_qt_py_ch32v203g6u6.a(ch32v20x_rcc.c.obj)
RCC_MCOConfig                                     lib/libboard_qt_py_ch32v203g6u6.a(ch32v20x_rcc.c.obj)
RCC_PCLK1Config                                   lib/libboard_qt_py_ch32v203g6u6.a(ch32v20x_rcc.c.obj)
RCC_PCLK2Config                                   lib/libboard_qt_py_ch32v203g6u6.a(ch32v20x_rcc.c.obj)
RCC_PLLCmd                                        lib/libboard_qt_py_ch32v203g6u6.a(ch32v20x_rcc.c.obj)
RCC_PLLConfig                                     lib/libboard_qt_py_ch32v203g6u6.a(ch32v20x_rcc.c.obj)
RCC_RTCCLKCmd                                     lib/libboard_qt_py_ch32v203g6u6.a(ch32v20x_rcc.c.obj)
RCC_RTCCLKConfig                                  lib/libboard_qt_py_ch32v203g6u6.a(ch32v20x_rcc.c.obj)
RCC_SYSCLKConfig                                  lib/libboard_qt_py_ch32v203g6u6.a(ch32v20x_rcc.c.obj)
RCC_USB5PRE_JUDGE                                 lib/libboard_qt_py_ch32v203g6u6.a(ch32v20x_rcc.c.obj)
RCC_USBCLKConfig                                  lib/libboard_qt_py_ch32v203g6u6.a(ch32v20x_rcc.c.obj)
                                                  CMakeFiles/hid_boot_interface.dir/426ce5d780536d4965aafa7588038a93/files/tinyusb/hw/bsp/ch32v20x/family.c.obj
RCC_WaitForHSEStartUp                             lib/libboard_qt_py_ch32v203g6u6.a(ch32v20x_rcc.c.obj)
RTCAlarm_IRQHandler                               CMakeFiles/hid_boot_interface.dir/18853f0d0dd114966c11209964a28e0f/tinyusb/hw/mcu/wch/ch32v20x/EVT/EXAM/SRC/Startup/startup_ch32v20x_D6.S.obj
RTC_IRQHandler                                    CMakeFiles/hid_boot_interface.dir/18853f0d0dd114966c11209964a28e0f/tinyusb/hw/mcu/wch/ch32v20x/EVT/EXAM/SRC/Startup/startup_ch32v20x_D6.S.obj
SPI1_IRQHandler                                   CMakeFiles/hid_boot_interface.dir/18853f0d0dd114966c11209964a28e0f/tinyusb/hw/mcu/wch/ch32v20x/EVT/EXAM/SRC/Startup/startup_ch32v20x_D6.S.obj
SPI2_IRQHandler                                   CMakeFiles/hid_boot_interface.dir/18853f0d0dd114966c11209964a28e0f/tinyusb/hw/mcu/wch/ch32v20x/EVT/EXAM/SRC/Startup/startup_ch32v20x_D6.S.obj